Component: ARM Compiler 5.06 update 4 (build 422) Tool: armlink [4d35d2]

==============================================================================

Section Cross References

    startup_stm32f10x_md.o(RESET) refers to startup_stm32f10x_md.o(STACK) for __initial_sp
    startup_stm32f10x_md.o(RESET) refers to startup_stm32f10x_md.o(.text) for Reset_Handler
    startup_stm32f10x_md.o(RESET) refers to stm32f10x_it.o(i.NMI_Handler) for NMI_Handler
    startup_stm32f10x_md.o(RESET) refers to stm32f10x_it.o(i.HardFault_Handler) for HardFault_Handler
    startup_stm32f10x_md.o(RESET) refers to stm32f10x_it.o(i.MemManage_Handler) for MemManage_Handler
    startup_stm32f10x_md.o(RESET) refers to stm32f10x_it.o(i.BusFault_Handler) for BusFault_Handler
    startup_stm32f10x_md.o(RESET) refers to stm32f10x_it.o(i.UsageFault_Handler) for UsageFault_Handler
    startup_stm32f10x_md.o(RESET) refers to stm32f10x_it.o(i.SVC_Handler) for SVC_Handler
    startup_stm32f10x_md.o(RESET) refers to stm32f10x_it.o(i.DebugMon_Handler) for DebugMon_Handler
    startup_stm32f10x_md.o(RESET) refers to stm32f10x_it.o(i.PendSV_Handler) for PendSV_Handler
    startup_stm32f10x_md.o(RESET) refers to stm32f10x_it.o(i.SysTick_Handler) for SysTick_Handler
    startup_stm32f10x_md.o(RESET) refers to usart1.o(i.USART1_IRQHandler) for USART1_IRQHandler
    startup_stm32f10x_md.o(RESET) refers to usart2.o(i.USART2_IRQHandler) for USART2_IRQHandler
    startup_stm32f10x_md.o(RESET) refers to usart3.o(i.USART3_IRQHandler) for USART3_IRQHandler
    startup_stm32f10x_md.o(.text) refers to system_stm32f10x.o(i.SystemInit) for SystemInit
    startup_stm32f10x_md.o(.text) refers to entry.o(.ARM.Collect$$$$00000000) for __main
    system_stm32f10x.o(i.SetSysClock) refers to system_stm32f10x.o(i.SetSysClockTo72) for SetSysClockTo72
    system_stm32f10x.o(i.SystemCoreClockUpdate) refers to system_stm32f10x.o(.data) for SystemCoreClock
    system_stm32f10x.o(i.SystemInit) refers to system_stm32f10x.o(i.SetSysClock) for SetSysClock
    stm32f10x_adc.o(i.ADC_DeInit) refers to stm32f10x_rcc.o(i.RCC_APB2PeriphResetCmd) for RCC_APB2PeriphResetCmd
    stm32f10x_bkp.o(i.BKP_DeInit) refers to stm32f10x_rcc.o(i.RCC_BackupResetCmd) for RCC_BackupResetCmd
    stm32f10x_can.o(i.CAN_DeInit) refers to stm32f10x_rcc.o(i.RCC_APB1PeriphResetCmd) for RCC_APB1PeriphResetCmd
    stm32f10x_can.o(i.CAN_GetITStatus) refers to stm32f10x_can.o(i.CheckITStatus) for CheckITStatus
    stm32f10x_cec.o(i.CEC_DeInit) refers to stm32f10x_rcc.o(i.RCC_APB1PeriphResetCmd) for RCC_APB1PeriphResetCmd
    stm32f10x_dac.o(i.DAC_DeInit) refers to stm32f10x_rcc.o(i.RCC_APB1PeriphResetCmd) for RCC_APB1PeriphResetCmd
    stm32f10x_flash.o(i.FLASH_EnableWriteProtection) refers to stm32f10x_flash.o(i.FLASH_WaitForLastOperation) for FLASH_WaitForLastOperation
    stm32f10x_flash.o(i.FLASH_EraseAllBank1Pages) refers to stm32f10x_flash.o(i.FLASH_WaitForLastBank1Operation) for FLASH_WaitForLastBank1Operation
    stm32f10x_flash.o(i.FLASH_EraseAllPages) refers to stm32f10x_flash.o(i.FLASH_WaitForLastOperation) for FLASH_WaitForLastOperation
    stm32f10x_flash.o(i.FLASH_EraseOptionBytes) refers to stm32f10x_flash.o(i.FLASH_GetReadOutProtectionStatus) for FLASH_GetReadOutProtectionStatus
    stm32f10x_flash.o(i.FLASH_EraseOptionBytes) refers to stm32f10x_flash.o(i.FLASH_WaitForLastOperation) for FLASH_WaitForLastOperation
    stm32f10x_flash.o(i.FLASH_ErasePage) refers to stm32f10x_flash.o(i.FLASH_WaitForLastOperation) for FLASH_WaitForLastOperation
    stm32f10x_flash.o(i.FLASH_ProgramHalfWord) refers to stm32f10x_flash.o(i.FLASH_WaitForLastOperation) for FLASH_WaitForLastOperation
    stm32f10x_flash.o(i.FLASH_ProgramOptionByteData) refers to stm32f10x_flash.o(i.FLASH_WaitForLastOperation) for FLASH_WaitForLastOperation
    stm32f10x_flash.o(i.FLASH_ProgramWord) refers to stm32f10x_flash.o(i.FLASH_WaitForLastOperation) for FLASH_WaitForLastOperation
    stm32f10x_flash.o(i.FLASH_ReadOutProtection) refers to stm32f10x_flash.o(i.FLASH_WaitForLastOperation) for FLASH_WaitForLastOperation
    stm32f10x_flash.o(i.FLASH_UserOptionByteConfig) refers to stm32f10x_flash.o(i.FLASH_WaitForLastOperation) for FLASH_WaitForLastOperation
    stm32f10x_flash.o(i.FLASH_WaitForLastBank1Operation) refers to stm32f10x_flash.o(i.FLASH_GetBank1Status) for FLASH_GetBank1Status
    stm32f10x_flash.o(i.FLASH_WaitForLastOperation) refers to stm32f10x_flash.o(i.FLASH_GetBank1Status) for FLASH_GetBank1Status
    stm32f10x_gpio.o(i.GPIO_AFIODeInit) refers to stm32f10x_rcc.o(i.RCC_APB2PeriphResetCmd) for RCC_APB2PeriphResetCmd
    stm32f10x_gpio.o(i.GPIO_DeInit) refers to stm32f10x_rcc.o(i.RCC_APB2PeriphResetCmd) for RCC_APB2PeriphResetCmd
    stm32f10x_i2c.o(i.I2C_DeInit) refers to stm32f10x_rcc.o(i.RCC_APB1PeriphResetCmd) for RCC_APB1PeriphResetCmd
    stm32f10x_i2c.o(i.I2C_Init) refers to stm32f10x_rcc.o(i.RCC_GetClocksFreq) for RCC_GetClocksFreq
[...]
    Removing stm32f10x_dma.o(i.DMA_SetCurrDataCounter), (4 bytes).
    Removing stm32f10x_dma.o(i.DMA_StructInit), (26 bytes).
    Removing stm32f10x_exti.o(i.EXTI_ClearFlag), (12 bytes).
    Removing stm32f10x_exti.o(i.EXTI_ClearITPendingBit), (12 bytes).
    Removing stm32f10x_exti.o(i.EXTI_DeInit), (36 bytes).
    Removing stm32f10x_exti.o(i.EXTI_GenerateSWInterrupt), (16 bytes).
    Removing stm32f10x_exti.o(i.EXTI_GetFlagStatus), (24 bytes).
    Removing stm32f10x_exti.o(i.EXTI_GetITStatus), (40 bytes).
    Removing stm32f10x_exti.o(i.EXTI_Init), (148 bytes).
    Removing stm32f10x_exti.o(i.EXTI_StructInit), (16 bytes).
    Removing stm32f10x_flash.o(i.FLASH_ClearFlag), (12 bytes).
    Removing stm32f10x_flash.o(i.FLASH_EnableWriteProtection), (196 bytes).
    Removing stm32f10x_flash.o(i.FLASH_EraseAllBank1Pages), (72 bytes).
    Removing stm32f10x_flash.o(i.FLASH_EraseAllPages), (72 bytes).
    Removing stm32f10x_flash.o(i.FLASH_EraseOptionBytes), (168 bytes).
    Removing stm32f10x_flash.o(i.FLASH_ErasePage), (76 bytes).
    Removing stm32f10x_flash.o(i.FLASH_GetBank1Status), (52 bytes).
    Removing stm32f10x_flash.o(i.FLASH_GetFlagStatus), (48 bytes).
    Removing stm32f10x_flash.o(i.FLASH_GetPrefetchBufferStatus), (24 bytes).
    Removing stm32f10x_flash.o(i.FLASH_GetReadOutProtectionStatus), (24 bytes).
    Removing stm32f10x_flash.o(i.FLASH_GetStatus), (52 bytes).
    Removing stm32f10x_flash.o(i.FLASH_GetUserOptionByte), (12 bytes).
    Removing stm32f10x_flash.o(i.FLASH_GetWriteProtectionOptionByte), (12 bytes).
    Removing stm32f10x_flash.o(i.FLASH_HalfCycleAccessCmd), (28 bytes).
    Removing stm32f10x_flash.o(i.FLASH_ITConfig), (32 bytes).
    Removing stm32f10x_flash.o(i.FLASH_Lock), (20 bytes).
    Removing stm32f10x_flash.o(i.FLASH_LockBank1), (20 bytes).
    Removing stm32f10x_flash.o(i.FLASH_PrefetchBufferCmd), (28 bytes).
    Removing stm32f10x_flash.o(i.FLASH_ProgramHalfWord), (64 bytes).
    Removing stm32f10x_flash.o(i.FLASH_ProgramOptionByteData), (84 bytes).
    Removing stm32f10x_flash.o(i.FLASH_ProgramWord), (108 bytes).
    Removing stm32f10x_flash.o(i.FLASH_ReadOutProtection), (172 bytes).
    Removing stm32f10x_flash.o(i.FLASH_SetLatency), (24 bytes).
    Removing stm32f10x_flash.o(i.FLASH_Unlock), (24 bytes).
    Removing stm32f10x_flash.o(i.FLASH_UnlockBank1), (24 bytes).
    Removing stm32f10x_flash.o(i.FLASH_UserOptionByteConfig), (104 bytes).
    Removing stm32f10x_flash.o(i.FLASH_WaitForLastBank1Operation), (38 bytes).
    Removing stm32f10x_flash.o(i.FLASH_WaitForLastOperation), (38 bytes).
    Removing stm32f10x_fsmc.o(i.FSMC_ClearFlag), (64 bytes).
    Removing stm32f10x_fsmc.o(i.FSMC_ClearITPendingBit), (72 bytes).
    Removing stm32f10x_fsmc.o(i.FSMC_GetECC), (28 bytes).
    Removing stm32f10x_fsmc.o(i.FSMC_GetFlagStatus), (56 bytes).
    Removing stm32f10x_fsmc.o(i.FSMC_GetITStatus), (68 bytes).
    Removing stm32f10x_fsmc.o(i.FSMC_ITConfig), (128 bytes).
    Removing stm32f10x_fsmc.o(i.FSMC_NANDCmd), (92 bytes).
    Removing stm32f10x_fsmc.o(i.FSMC_NANDDeInit), (68 bytes).
    Removing stm32f10x_fsmc.o(i.FSMC_NANDECCCmd), (92 bytes).
    Removing stm32f10x_fsmc.o(i.FSMC_NANDInit), (136 bytes).
    Removing stm32f10x_fsmc.o(i.FSMC_NANDStructInit), (54 bytes).
    Removing stm32f10x_fsmc.o(i.FSMC_NORSRAMCmd), (52 bytes).
    Removing stm32f10x_fsmc.o(i.FSMC_NORSRAMDeInit), (54 bytes).
    Removing stm32f10x_fsmc.o(i.FSMC_NORSRAMInit), (230 bytes).
    Removing stm32f10x_fsmc.o(i.FSMC_NORSRAMStructInit), (114 bytes).
    Removing stm32f10x_fsmc.o(i.FSMC_PCCARDCmd), (48 bytes).
    Removing stm32f10x_fsmc.o(i.FSMC_PCCARDDeInit), (40 bytes).
    Removing stm32f10x_fsmc.o(i.FSMC_PCCARDInit), (132 bytes).
    Removing stm32f10x_fsmc.o(i.FSMC_PCCARDStructInit), (60 bytes).
    Removing stm32f10x_gpio.o(i.GPIO_AFIODeInit), (20 bytes).
    Removing stm32f10x_gpio.o(i.GPIO_DeInit), (200 bytes).
    Removing stm32f10x_gpio.o(i.GPIO_ETH_MediaInterfaceConfig), (12 bytes).
    Removing stm32f10x_gpio.o(i.GPIO_EXTILineConfig), (64 bytes).
    Removing stm32f10x_gpio.o(i.GPIO_EventOutputCmd), (12 bytes).
    Removing stm32f10x_gpio.o(i.GPIO_EventOutputConfig), (32 bytes).
    Removing stm32f10x_gpio.o(i.GPIO_PinLockConfig), (18 bytes).
    Removing stm32f10x_gpio.o(i.GPIO_PinRemapConfig), (144 bytes).
    Removing stm32f10x_gpio.o(i.GPIO_ReadInputData), (8 bytes).
    Removing stm32f10x_gpio.o(i.GPIO_ReadInputDataBit), (18 bytes).
    Removing stm32f10x_gpio.o(i.GPIO_ReadOutputData), (8 bytes).
    Removing stm32f10x_gpio.o(i.GPIO_StructInit), (16 bytes).
    Removing stm32f10x_gpio.o(i.GPIO_Write), (4 bytes).
    Removing stm32f10x_i2c.o(i.I2C_ARPCmd), (24 bytes).
    Removing stm32f10x_i2c.o(i.I2C_AcknowledgeConfig), (24 bytes).
    Removing stm32f10x_i2c.o(i.I2C_CalculatePEC), (24 bytes).
    Removing stm32f10x_i2c.o(i.I2C_CheckEvent), (42 bytes).
    Removing stm32f10x_i2c.o(i.I2C_ClearFlag), (12 bytes).
    Removing stm32f10x_i2c.o(i.I2C_ClearITPendingBit), (12 bytes).
    Removing stm32f10x_i2c.o(i.I2C_Cmd), (24 bytes).
    Removing stm32f10x_i2c.o(i.I2C_DMACmd), (24 bytes).
    Removing stm32f10x_i2c.o(i.I2C_DMALastTransferCmd), (24 bytes).
    Removing stm32f10x_i2c.o(i.I2C_DeInit), (56 bytes).
    Removing stm32f10x_i2c.o(i.I2C_DualAddressCmd), (24 bytes).
    Removing stm32f10x_i2c.o(i.I2C_FastModeDutyCycleConfig), (28 bytes).
    Removing stm32f10x_i2c.o(i.I2C_GeneralCallCmd), (24 bytes).
    Removing stm32f10x_i2c.o(i.I2C_GenerateSTART), (24 bytes).
    Removing stm32f10x_i2c.o(i.I2C_GenerateSTOP), (24 bytes).
    Removing stm32f10x_i2c.o(i.I2C_GetFlagStatus), (58 bytes).
    Removing stm32f10x_i2c.o(i.I2C_GetITStatus), (38 bytes).
    Removing stm32f10x_i2c.o(i.I2C_GetLastEvent), (26 bytes).
    Removing stm32f10x_i2c.o(i.I2C_GetPEC), (8 bytes).
    Removing stm32f10x_i2c.o(i.I2C_ITConfig), (18 bytes).
    Removing stm32f10x_i2c.o(i.I2C_Init), (236 bytes).
    Removing stm32f10x_i2c.o(i.I2C_NACKPositionConfig), (28 bytes).
    Removing stm32f10x_i2c.o(i.I2C_OwnAddress2Config), (22 bytes).
    Removing stm32f10x_i2c.o(i.I2C_PECPositionConfig), (28 bytes).
    Removing stm32f10x_i2c.o(i.I2C_ReadRegister), (22 bytes).
    Removing stm32f10x_i2c.o(i.I2C_ReceiveData), (8 bytes).
    Removing stm32f10x_i2c.o(i.I2C_SMBusAlertConfig), (28 bytes).
    Removing stm32f10x_i2c.o(i.I2C_Send7bitAddress), (18 bytes).
    Removing stm32f10x_i2c.o(i.I2C_SendData), (4 bytes).
    Removing stm32f10x_i2c.o(i.I2C_SoftwareResetCmd), (22 bytes).
    Removing stm32f10x_i2c.o(i.I2C_StretchClockCmd), (24 bytes).
    Removing stm32f10x_i2c.o(i.I2C_StructInit), (30 bytes).
    Removing stm32f10x_i2c.o(i.I2C_TransmitPEC), (24 bytes).
    Removing stm32f10x_iwdg.o(i.IWDG_Enable), (16 bytes).
    Removing stm32f10x_iwdg.o(i.IWDG_GetFlagStatus), (24 bytes).
    Removing stm32f10x_iwdg.o(i.IWDG_ReloadCounter), (16 bytes).
    Removing stm32f10x_iwdg.o(i.IWDG_SetPrescaler), (12 bytes).
    Removing stm32f10x_iwdg.o(i.IWDG_SetReload), (12 bytes).
    Removing stm32f10x_iwdg.o(i.IWDG_WriteAccessCmd), (12 bytes).
    Removing stm32f10x_pwr.o(i.PWR_BackupAccessCmd), (12 bytes).
    Removing stm32f10x_pwr.o(i.PWR_ClearFlag), (20 bytes).
    Removing stm32f10x_pwr.o(i.PWR_DeInit), (22 bytes).
    Removing stm32f10x_pwr.o(i.PWR_EnterSTANDBYMode), (52 bytes).
    Removing stm32f10x_pwr.o(i.PWR_EnterSTOPMode), (64 bytes).
    Removing stm32f10x_pwr.o(i.PWR_GetFlagStatus), (24 bytes).
    Removing stm32f10x_pwr.o(i.PWR_PVDCmd), (12 bytes).
    Removing stm32f10x_pwr.o(i.PWR_PVDLevelConfig), (24 bytes).
    Removing stm32f10x_pwr.o(i.PWR_WakeUpPinCmd), (12 bytes).
    Removing stm32f10x_rcc.o(i.RCC_ADCCLKConfig), (24 bytes).
    Removing stm32f10x_rcc.o(i.RCC_AHBPeriphClockCmd), (32 bytes).
    Removing stm32f10x_rcc.o(i.RCC_APB1PeriphResetCmd), (32 bytes).
    Removing stm32f10x_rcc.o(i.RCC_APB2PeriphResetCmd), (32 bytes).
    Removing stm32f10x_rcc.o(i.RCC_AdjustHSICalibrationValue), (24 bytes).
    Removing stm32f10x_rcc.o(i.RCC_BackupResetCmd), (12 bytes).
    Removing stm32f10x_rcc.o(i.RCC_ClearFlag), (20 bytes).
    Removing stm32f10x_rcc.o(i.RCC_ClearITPendingBit), (12 bytes).
    Removing stm32f10x_rcc.o(i.RCC_ClockSecuritySystemCmd), (12 bytes).
    Removing stm32f10x_rcc.o(i.RCC_DeInit), (76 bytes).
    Removing stm32f10x_rcc.o(i.RCC_GetFlagStatus), (60 bytes).
    Removing stm32f10x_rcc.o(i.RCC_GetITStatus), (24 bytes).
    Removing stm32f10x_rcc.o(i.RCC_GetSYSCLKSource), (16 bytes).
    Removing stm32f10x_rcc.o(i.RCC_HCLKConfig), (24 bytes).
    Removing stm32f10x_rcc.o(i.RCC_HSEConfig), (76 bytes).
    Removing stm32f10x_rcc.o(i.RCC_HSICmd), (12 bytes).
    Removing stm32f10x_rcc.o(i.RCC_ITConfig), (32 bytes).
    Removing stm32f10x_rcc.o(i.RCC_LSEConfig), (52 bytes).
    Removing stm32f10x_rcc.o(i.RCC_LSICmd), (12 bytes).
    Removing stm32f10x_rcc.o(i.RCC_MCOConfig), (12 bytes).
    Removing stm32f10x_rcc.o(i.RCC_PCLK1Config), (24 bytes).
    Removing stm32f10x_rcc.o(i.RCC_PCLK2Config), (24 bytes).
    Removing stm32f10x_rcc.o(i.RCC_PLLCmd), (12 bytes).
    Removing stm32f10x_rcc.o(i.RCC_PLLConfig), (28 bytes).
    Removing stm32f10x_rcc.o(i.RCC_RTCCLKCmd), (12 bytes).
    Removing stm32f10x_rcc.o(i.RCC_RTCCLKConfig), (16 bytes).
    Removing stm32f10x_rcc.o(i.RCC_SYSCLKConfig), (24 bytes).
    Removing stm32f10x_rcc.o(i.RCC_USBCLKConfig), (12 bytes).
    Removing stm32f10x_rcc.o(i.RCC_WaitForHSEStartUp), (56 bytes).
    Removing stm32f10x_rtc.o(i.RTC_ClearFlag), (16 bytes).
    Removing stm32f10x_rtc.o(i.RTC_ClearITPendingBit), (16 bytes).
    Removing stm32f10x_rtc.o(i.RTC_EnterConfigMode), (20 bytes).
    Removing stm32f10x_rtc.o(i.RTC_ExitConfigMode), (20 bytes).
    Removing stm32f10x_rtc.o(i.RTC_GetCounter), (20 bytes).
    Removing stm32f10x_rtc.o(i.RTC_GetDivider), (24 bytes).
    Removing stm32f10x_rtc.o(i.RTC_GetFlagStatus), (24 bytes).
    Removing stm32f10x_rtc.o(i.RTC_GetITStatus), (36 bytes).
    Removing stm32f10x_rtc.o(i.RTC_ITConfig), (32 bytes).
    Removing stm32f10x_rtc.o(i.RTC_SetAlarm), (28 bytes).
    Removing stm32f10x_rtc.o(i.RTC_SetCounter), (28 bytes).
    Removing stm32f10x_rtc.o(i.RTC_SetPrescaler), (32 bytes).
    Removing stm32f10x_rtc.o(i.RTC_WaitForLastTask), (20 bytes).
    Removing stm32f10x_rtc.o(i.RTC_WaitForSynchro), (36 bytes).
    Removing stm32f10x_sdio.o(i.SDIO_CEATAITCmd), (16 bytes).
    Removing stm32f10x_sdio.o(i.SDIO_ClearFlag), (12 bytes).
    Removing stm32f10x_sdio.o(i.SDIO_ClearITPendingBit), (12 bytes).
    Removing stm32f10x_sdio.o(i.SDIO_ClockCmd), (12 bytes).
    Removing stm32f10x_sdio.o(i.SDIO_CmdStructInit), (14 bytes).
    Removing stm32f10x_sdio.o(i.SDIO_CommandCompletionCmd), (12 bytes).
    Removing stm32f10x_sdio.o(i.SDIO_DMACmd), (12 bytes).
    Removing stm32f10x_sdio.o(i.SDIO_DataConfig), (48 bytes).
    Removing stm32f10x_sdio.o(i.SDIO_DataStructInit), (20 bytes).
    Removing stm32f10x_sdio.o(i.SDIO_DeInit), (36 bytes).
    Removing stm32f10x_sdio.o(i.SDIO_GetCommandResponse), (12 bytes).
    Removing stm32f10x_sdio.o(i.SDIO_GetDataCounter), (12 bytes).
    Removing stm32f10x_sdio.o(i.SDIO_GetFIFOCount), (12 bytes).
    Removing stm32f10x_sdio.o(i.SDIO_GetFlagStatus), (24 bytes).
    Removing stm32f10x_sdio.o(i.SDIO_GetITStatus), (24 bytes).
    Removing stm32f10x_sdio.o(i.SDIO_GetPowerState), (16 bytes).
    Removing stm32f10x_sdio.o(i.SDIO_GetResponse), (24 bytes).
    Removing stm32f10x_sdio.o(i.SDIO_ITConfig), (32 bytes).
    Removing stm32f10x_sdio.o(i.SDIO_Init), (48 bytes).
    Removing stm32f10x_sdio.o(i.SDIO_ReadData), (12 bytes).
    Removing stm32f10x_sdio.o(i.SDIO_SendCEATACmd), (12 bytes).
    Removing stm32f10x_sdio.o(i.SDIO_SendCommand), (44 bytes).
    Removing stm32f10x_sdio.o(i.SDIO_SendSDIOSuspendCmd), (12 bytes).
    Removing stm32f10x_sdio.o(i.SDIO_SetPowerState), (28 bytes).
    Removing stm32f10x_sdio.o(i.SDIO_SetSDIOOperation), (12 bytes).
    Removing stm32f10x_sdio.o(i.SDIO_SetSDIOReadWaitMode), (12 bytes).
    Removing stm32f10x_sdio.o(i.SDIO_StartSDIOReadWait), (12 bytes).
    Removing stm32f10x_sdio.o(i.SDIO_StopSDIOReadWait), (12 bytes).
    Removing stm32f10x_sdio.o(i.SDIO_StructInit), (16 bytes).
    Removing stm32f10x_sdio.o(i.SDIO_WriteData), (12 bytes).
    Removing stm32f10x_spi.o(i.I2S_Cmd), (24 bytes).
    Removing stm32f10x_spi.o(i.I2S_Init), (232 bytes).
    Removing stm32f10x_spi.o(i.I2S_StructInit), (20 bytes).
    Removing stm32f10x_spi.o(i.SPI_BiDirectionalLineConfig), (28 bytes).
    Removing stm32f10x_spi.o(i.SPI_CalculateCRC), (24 bytes).
    Removing stm32f10x_spi.o(i.SPI_Cmd), (24 bytes).
    Removing stm32f10x_spi.o(i.SPI_DataSizeConfig), (18 bytes).
    Removing stm32f10x_spi.o(i.SPI_GetCRC), (16 bytes).
    Removing stm32f10x_spi.o(i.SPI_GetCRCPolynomial), (6 bytes).
    Removing stm32f10x_spi.o(i.SPI_I2S_ClearFlag), (6 bytes).
    Removing stm32f10x_spi.o(i.SPI_I2S_ClearITPendingBit), (20 bytes).
    Removing stm32f10x_spi.o(i.SPI_I2S_DMACmd), (18 bytes).
    Removing stm32f10x_spi.o(i.SPI_I2S_DeInit), (88 bytes).
    Removing stm32f10x_spi.o(i.SPI_I2S_GetFlagStatus), (18 bytes).
    Removing stm32f10x_spi.o(i.SPI_I2S_GetITStatus), (52 bytes).
    Removing stm32f10x_spi.o(i.SPI_I2S_ITConfig), (32 bytes).
    Removing stm32f10x_spi.o(i.SPI_I2S_ReceiveData), (6 bytes).
    Removing stm32f10x_spi.o(i.SPI_I2S_SendData), (4 bytes).
    Removing stm32f10x_spi.o(i.SPI_Init), (60 bytes).
    Removing stm32f10x_spi.o(i.SPI_NSSInternalSoftwareConfig), (30 bytes).
    Removing stm32f10x_spi.o(i.SPI_SSOutputCmd), (24 bytes).
    Removing stm32f10x_spi.o(i.SPI_StructInit), (24 bytes).
    Removing stm32f10x_spi.o(i.SPI_TransmitCRC), (10 bytes).
    Removing stm32f10x_tim.o(i.TI1_Config), (128 bytes).
    Removing stm32f10x_tim.o(i.TI2_Config), (152 bytes).
    Removing stm32f10x_tim.o(i.TI3_Config), (144 bytes).
    Removing stm32f10x_tim.o(i.TI4_Config), (152 bytes).
    Removing stm32f10x_tim.o(i.TIM_ARRPreloadConfig), (24 bytes).
    Removing stm32f10x_tim.o(i.TIM_BDTRConfig), (32 bytes).
    Removing stm32f10x_tim.o(i.TIM_BDTRStructInit), (18 bytes).
    Removing stm32f10x_tim.o(i.TIM_CCPreloadControl), (24 bytes).
    Removing stm32f10x_tim.o(i.TIM_CCxCmd), (30 bytes).
    Removing stm32f10x_tim.o(i.TIM_CCxNCmd), (30 bytes).
    Removing stm32f10x_tim.o(i.TIM_ClearFlag), (6 bytes).
    Removing stm32f10x_tim.o(i.TIM_ClearITPendingBit), (6 bytes).
    Removing stm32f10x_tim.o(i.TIM_ClearOC1Ref), (18 bytes).
    Removing stm32f10x_tim.o(i.TIM_ClearOC2Ref), (24 bytes).
    Removing stm32f10x_tim.o(i.TIM_ClearOC3Ref), (18 bytes).
    Removing stm32f10x_tim.o(i.TIM_ClearOC4Ref), (24 bytes).
    Removing stm32f10x_tim.o(i.TIM_CounterModeConfig), (18 bytes).
    Removing stm32f10x_tim.o(i.TIM_CtrlPWMOutputs), (30 bytes).
    Removing stm32f10x_tim.o(i.TIM_DMACmd), (18 bytes).
    Removing stm32f10x_tim.o(i.TIM_DMAConfig), (10 bytes).
    Removing stm32f10x_tim.o(i.TIM_DeInit), (488 bytes).
    Removing stm32f10x_tim.o(i.TIM_ETRClockMode1Config), (54 bytes).
    Removing stm32f10x_tim.o(i.TIM_ETRClockMode2Config), (32 bytes).
    Removing stm32f10x_tim.o(i.TIM_ETRConfig), (28 bytes).
    Removing stm32f10x_tim.o(i.TIM_EncoderInterfaceConfig), (66 bytes).
    Removing stm32f10x_tim.o(i.TIM_ForcedOC1Config), (18 bytes).
    Removing stm32f10x_tim.o(i.TIM_ForcedOC2Config), (26 bytes).
    Removing stm32f10x_tim.o(i.TIM_ForcedOC3Config), (18 bytes).
    Removing stm32f10x_tim.o(i.TIM_ForcedOC4Config), (26 bytes).
    Removing stm32f10x_tim.o(i.TIM_GenerateEvent), (4 bytes).
    Removing stm32f10x_tim.o(i.TIM_GetCounter), (6 bytes).
    Removing stm32f10x_tim.o(i.TIM_GetFlagStatus), (18 bytes).
    Removing stm32f10x_tim.o(i.TIM_GetITStatus), (34 bytes).
    Removing stm32f10x_tim.o(i.TIM_GetPrescaler), (6 bytes).
    Removing stm32f10x_tim.o(i.TIM_ICInit), (172 bytes).
    Removing stm32f10x_tim.o(i.TIM_ICStructInit), (18 bytes).
    Removing stm32f10x_tim.o(i.TIM_ITConfig), (18 bytes).
    Removing stm32f10x_tim.o(i.TIM_ITRxExternalClockConfig), (24 bytes).
    Removing stm32f10x_tim.o(i.TIM_OC1FastConfig), (18 bytes).
    Removing stm32f10x_tim.o(i.TIM_OC1NPolarityConfig), (18 bytes).
    Removing stm32f10x_tim.o(i.TIM_OC1PolarityConfig), (18 bytes).
    Removing stm32f10x_tim.o(i.TIM_OC1PreloadConfig), (18 bytes).
    Removing stm32f10x_tim.o(i.TIM_OC2FastConfig), (26 bytes).
    Removing stm32f10x_tim.o(i.TIM_OC2NPolarityConfig), (26 bytes).
    Removing stm32f10x_tim.o(i.TIM_OC2PolarityConfig), (26 bytes).
    Removing stm32f10x_tim.o(i.TIM_OC2PreloadConfig), (26 bytes).
    Removing stm32f10x_tim.o(i.TIM_OC3FastConfig), (18 bytes).
    Removing stm32f10x_tim.o(i.TIM_OC3NPolarityConfig), (26 bytes).
    Removing stm32f10x_tim.o(i.TIM_OC3PolarityConfig), (26 bytes).
    Removing stm32f10x_tim.o(i.TIM_OC3PreloadConfig), (18 bytes).
    Removing stm32f10x_tim.o(i.TIM_OC4FastConfig), (26 bytes).
    Removing stm32f10x_tim.o(i.TIM_OC4PolarityConfig), (26 bytes).
    Removing stm32f10x_tim.o(i.TIM_OC4PreloadConfig), (26 bytes).
    Removing stm32f10x_tim.o(i.TIM_PWMIConfig), (124 bytes).
    Removing stm32f10x_tim.o(i.TIM_PrescalerConfig), (6 bytes).
    Removing stm32f10x_tim.o(i.TIM_SelectCCDMA), (24 bytes).
    Removing stm32f10x_tim.o(i.TIM_SelectCOM), (24 bytes).
    Removing stm32f10x_tim.o(i.TIM_SelectHallSensor), (24 bytes).
    Removing stm32f10x_tim.o(i.TIM_SelectInputTrigger), (18 bytes).
    Removing stm32f10x_tim.o(i.TIM_SelectMasterSlaveMode), (18 bytes).
    Removing stm32f10x_tim.o(i.TIM_SelectOCxM), (82 bytes).
    Removing stm32f10x_tim.o(i.TIM_SelectOnePulseMode), (18 bytes).
    Removing stm32f10x_tim.o(i.TIM_SelectOutputTrigger), (18 bytes).
    Removing stm32f10x_tim.o(i.TIM_SelectSlaveMode), (18 bytes).
    Removing stm32f10x_tim.o(i.TIM_SetAutoreload), (4 bytes).
    Removing stm32f10x_tim.o(i.TIM_SetClockDivision), (18 bytes).
    Removing stm32f10x_tim.o(i.TIM_SetCounter), (4 bytes).
    Removing stm32f10x_tim.o(i.TIM_SetIC1Prescaler), (18 bytes).
    Removing stm32f10x_tim.o(i.TIM_SetIC2Prescaler), (26 bytes).
    Removing stm32f10x_tim.o(i.TIM_SetIC3Prescaler), (18 bytes).
    Removing stm32f10x_tim.o(i.TIM_SetIC4Prescaler), (26 bytes).
    Removing stm32f10x_tim.o(i.TIM_TIxExternalClockConfig), (62 bytes).
    Removing stm32f10x_tim.o(i.TIM_TimeBaseStructInit), (18 bytes).
    Removing stm32f10x_tim.o(i.TIM_UpdateDisableConfig), (24 bytes).
    Removing stm32f10x_tim.o(i.TIM_UpdateRequestConfig), (24 bytes).
    Removing stm32f10x_usart.o(i.USART_ClearFlag), (18 bytes).
    Removing stm32f10x_usart.o(i.USART_ClockInit), (34 bytes).
    Removing stm32f10x_usart.o(i.USART_ClockStructInit), (12 bytes).
    Removing stm32f10x_usart.o(i.USART_DMACmd), (18 bytes).
    Removing stm32f10x_usart.o(i.USART_DeInit), (156 bytes).
    Removing stm32f10x_usart.o(i.USART_GetFlagStatus), (26 bytes).
    Removing stm32f10x_usart.o(i.USART_HalfDuplexCmd), (24 bytes).
    Removing stm32f10x_usart.o(i.USART_IrDACmd), (24 bytes).
    Removing stm32f10x_usart.o(i.USART_IrDAConfig), (18 bytes).
    Removing stm32f10x_usart.o(i.USART_LINBreakDetectLengthConfig), (18 bytes).
    Removing stm32f10x_usart.o(i.USART_LINCmd), (24 bytes).
    Removing stm32f10x_usart.o(i.USART_OneBitMethodCmd), (24 bytes).
    Removing stm32f10x_usart.o(i.USART_OverSampling8Cmd), (22 bytes).
    Removing stm32f10x_usart.o(i.USART_ReceiverWakeUpCmd), (24 bytes).
    Removing stm32f10x_usart.o(i.USART_SendBreak), (10 bytes).
    Removing stm32f10x_usart.o(i.USART_SendData), (8 bytes).
    Removing stm32f10x_usart.o(i.USART_SetAddress), (18 bytes).
    Removing stm32f10x_usart.o(i.USART_SetGuardTime), (16 bytes).
    Removing stm32f10x_usart.o(i.USART_SetPrescaler), (16 bytes).
    Removing stm32f10x_usart.o(i.USART_SmartCardCmd), (24 bytes).
    Removing stm32f10x_usart.o(i.USART_SmartCardNACKCmd), (24 bytes).
    Removing stm32f10x_usart.o(i.USART_StructInit), (24 bytes).
    Removing stm32f10x_usart.o(i.USART_WakeUpConfig), (18 bytes).
    Removing stm32f10x_wwdg.o(i.WWDG_ClearFlag), (12 bytes).
    Removing stm32f10x_wwdg.o(i.WWDG_DeInit), (22 bytes).
    Removing stm32f10x_wwdg.o(i.WWDG_Enable), (16 bytes).
    Removing stm32f10x_wwdg.o(i.WWDG_EnableIT), (12 bytes).
    Removing stm32f10x_wwdg.o(i.WWDG_GetFlagStatus), (12 bytes).
    Removing stm32f10x_wwdg.o(i.WWDG_SetCounter), (16 bytes).
    Removing stm32f10x_wwdg.o(i.WWDG_SetPrescaler), (24 bytes).
    Removing stm32f10x_wwdg.o(i.WWDG_SetWindowValue), (40 bytes).
    Removing usart2.o(i.USART2_GetRxData), (24 bytes).
    Removing usart2.o(i.USART2_GetRxFlag), (28 bytes).
    Removing usart2.o(i.USART2_SendString), (44 bytes).
    Removing usart3.o(i.USART3_GetRxData), (24 bytes).
    Removing usart3.o(i.USART3_GetRxFlag), (28 bytes).
    Removing usart3.o(i.USART3_Init), (180 bytes).
    Removing led.o(i.LED13_ON), (20 bytes).
    Removing oled.o(i.OLED_DrawArc), (618 bytes).
    Removing oled.o(i.OLED_DrawCircle), (352 bytes).
    Removing oled.o(i.OLED_DrawEllipse), (812 bytes).
    Removing oled.o(i.OLED_DrawLine), (374 bytes).
    Removing oled.o(i.OLED_DrawPoint), (80 bytes).
    Removing oled.o(i.OLED_DrawRectangle), (142 bytes).
    Removing oled.o(i.OLED_DrawTriangle), (232 bytes).
    Removing oled.o(i.OLED_GetPoint), (68 bytes).
    Removing oled.o(i.OLED_IsInAngle), (124 bytes).
    Removing oled.o(i.OLED_Pow), (20 bytes).
    Removing oled.o(i.OLED_Printf), (50 bytes).
    Removing oled.o(i.OLED_Reverse), (52 bytes).
    Removing oled.o(i.OLED_ReverseArea), (168 bytes).
    Removing oled.o(i.OLED_ShowBinNum), (70 bytes).
    Removing oled.o(i.OLED_ShowChar), (84 bytes).
    Removing oled.o(i.OLED_ShowChinese), (156 bytes).
    Removing oled.o(i.OLED_ShowFloatNum), (210 bytes).
    Removing oled.o(i.OLED_ShowHexNum), (96 bytes).
    Removing oled.o(i.OLED_ShowNum), (76 bytes).
    Removing oled.o(i.OLED_ShowSignedNum), (112 bytes).
    Removing oled.o(i.OLED_ShowString), (46 bytes).
    Removing oled.o(i.OLED_UpdateArea), (124 bytes).
    Removing oled.o(i.OLED_pnpoly), (140 bytes).
    Removing movement.o(i.move), (384 bytes).
    Removing movement.o(i.move_hello), (300 bytes).
    Removing movement.o(i.move_left_hw), (92 bytes).
    Removing movement.o(i.move_right_hw), (92 bytes).
    Removing movement.o(i.move_two_hands), (88 bytes).
    Removing mode.o(i.mode_nanshou), (52 bytes).
    Removing mode.o(i.mode_twohands), (60 bytes).
    Removing dadd.o(.text), (334 bytes).
    Removing dmul.o(.text), (228 bytes).
    Removing ddiv.o(.text), (222 bytes).
    Removing dflti.o(.text), (34 bytes).
    Removing dfltui.o(.text), (26 bytes).
    Removing dfixi.o(.text), (62 bytes).
    Removing dfixui.o(.text), (50 bytes).
    Removing cdcmple.o(.text), (48 bytes).
    Removing cdrcmple.o(.text), (48 bytes).
    Removing d2f.o(.text), (56 bytes).
    Removing cfcmple.o(.text), (20 bytes).
    Removing depilogue.o(.text), (186 bytes).
    Removing drnd.o(.text), (136 bytes).
    Removing dfixul.o(.text), (48 bytes).
    Removing dscalb.o(.text), (46 bytes).

496 unused section(s) (total 25046 bytes) removed from the image.

==============================================================================

Image Symbol Table

    Local Symbols

    Symbol Name                              Value     Ov Type        Size  Object(Section)

    ../clib/microlib/division.c              0x00000000   Number         0  uidiv.o ABSOLUTE
    ../clib/microlib/division.c              0x00000000   Number         0  uldiv.o ABSOLUTE
    ../clib/microlib/errno.c                 0x00000000   Number         0  errno.o ABSOLUTE
    ../clib/microlib/init/entry.s            0x00000000   Number         0  entry8b.o ABSOLUTE
    ../clib/microlib/init/entry.s            0x00000000   Number         0  entry11b.o ABSOLUTE
    ../clib/microlib/init/entry.s            0x00000000   Number         0  entry11a.o ABSOLUTE
    ../clib/microlib/init/entry.s            0x00000000   Number         0  entry10b.o ABSOLUTE
    ../clib/microlib/init/entry.s            0x00000000   Number         0  entry10a.o ABSOLUTE
    ../clib/microlib/init/entry.s            0x00000000   Number         0  entry9b.o ABSOLUTE
    ../clib/microlib/init/entry.s            0x00000000   Number         0  entry9a.o ABSOLUTE
    ../clib/microlib/init/entry.s            0x00000000   Number         0  entry.o ABSOLUTE
    ../clib/microlib/init/entry.s            0x00000000   Number         0  entry8a.o ABSOLUTE
    ../clib/microlib/init/entry.s            0x00000000   Number         0  entry5.o ABSOLUTE
    ../clib/microlib/init/entry.s            0x00000000   Number         0  entry7b.o ABSOLUTE
    ../clib/microlib/init/entry.s            0x00000000   Number         0  entry7a.o ABSOLUTE
    ../clib/microlib/init/entry.s            0x00000000   Number         0  entry2.o ABSOLUTE
    ../clib/microlib/longlong.c              0x00000000   Number         0  llshl.o ABSOLUTE
    ../clib/microlib/longlong.c              0x00000000   Number         0  llushr.o ABSOLUTE
    ../clib/microlib/longlong.c              0x00000000   Number         0  llsshr.o ABSOLUTE
    ../clib/microlib/printf/printf.c         0x00000000   Number         0  printfa.o ABSOLUTE
    ../clib/microlib/stdio/fputc.c           0x00000000   Number         0  fputc.o ABSOLUTE
    ../clib/microlib/stdio/semi.s            0x00000000   Number         0  semi.o ABSOLUTE
    ../clib/microlib/stdio/streams.c         0x00000000   Number         0  stdout.o ABSOLUTE
    ../clib/microlib/stdlib/rand.c           0x00000000   Number         0  rand.o ABSOLUTE
    ../clib/microlib/string/strcmp.c         0x00000000   Number         0  strcmp.o ABSOLUTE
    ../clib/microlib/stubs.s                 0x00000000   Number         0  iusefp.o ABSOLUTE
    ../clib/microlib/stubs.s                 0x00000000   Number         0  iusesemip.o ABSOLUTE
    ../fplib/microlib/d2f.c                  0x00000000   Number         0  d2f.o ABSOLUTE
    ../fplib/microlib/fpadd.c                0x00000000   Number         0  fadd.o ABSOLUTE
    ../fplib/microlib/fpadd.c                0x00000000   Number         0  dadd.o ABSOLUTE
    ../fplib/microlib/fpdiv.c                0x00000000   Number         0  ddiv.o ABSOLUTE
    ../fplib/microlib/fpdiv.c                0x00000000   Number         0  fdiv.o ABSOLUTE
    ../fplib/microlib/fpepilogue.c           0x00000000   Number         0  depilogue.o ABSOLUTE
    ../fplib/microlib/fpepilogue.c           0x00000000   Number         0  fepilogue.o ABSOLUTE
    ../fplib/microlib/fpfix.c                0x00000000   Number         0  ffixui.o ABSOLUTE
    ../fplib/microlib/fpfix.c                0x00000000   Number         0  dfixul.o ABSOLUTE
    ../fplib/microlib/fpfix.c                0x00000000   Number         0  dfixui.o ABSOLUTE
    ../fplib/microlib/fpfix.c                0x00000000   Number         0  dfixi.o ABSOLUTE
    ../fplib/microlib/fpflt.c                0x00000000   Number         0  fflti.o ABSOLUTE
    ../fplib/microlib/fpflt.c                0x00000000   Number         0  dfltui.o ABSOLUTE
    ../fplib/microlib/fpflt.c                0x00000000   Number         0  ffltui.o ABSOLUTE
    ../fplib/microlib/fpflt.c                0x00000000   Number         0  dflti.o ABSOLUTE
    ../fplib/microlib/fpmul.c                0x00000000   Number         0  dmul.o ABSOLUTE
    ../fplib/microlib/fpmul.c                0x00000000   Number         0  fmul.o ABSOLUTE
    ../fplib/microlib/fprnd.c                0x00000000   Number         0  drnd.o ABSOLUTE
    ../fplib/microlib/fpscalb.c              0x00000000   Number         0  dscalb.o ABSOLUTE
    ../mathlib/atan.c                        0x00000000   Number         0  atan_x.o ABSOLUTE
    ../mathlib/atan.c                        0x00000000   Number         0  atan.o ABSOLUTE
    ../mathlib/atan2.c                       0x00000000   Number         0  atan2_x.o ABSOLUTE
    ../mathlib/atan2.c                       0x00000000   Number         0  atan2.o ABSOLUTE
    ../mathlib/dunder.c                      0x00000000   Number         0  dunder.o ABSOLUTE
    ../mathlib/fpclassify.c                  0x00000000   Number         0  fpclassify.o ABSOLUTE
    ../mathlib/poly.c                        0x00000000   Number         0  poly.o ABSOLUTE
    ../mathlib/qnan.c                        0x00000000   Number         0  qnan.o ABSOLUTE
    ../mathlib/round.c                       0x00000000   Number         0  round.o ABSOLUTE
    Hardware\LED.c                           0x00000000   Number         0  led.o ABSOLUTE
    Hardware\Movement.c                      0x00000000   Number         0  movement.o ABSOLUTE
    Hardware\OLED.c                          0x00000000   Number         0  oled.o ABSOLUTE
    Hardware\OLED_Data.c                     0x00000000   Number         0  oled_data.o ABSOLUTE
    Hardware\PWM.c                           0x00000000   Number         0  pwm.o ABSOLUTE
    Hardware\Servo.c                         0x00000000   Number         0  servo.o ABSOLUTE
    Library\misc.c                           0x00000000   Number         0  misc.o ABSOLUTE
    Library\stm32f10x_adc.c                  0x00000000   Number         0  stm32f10x_adc.o ABSOLUTE
    Library\stm32f10x_bkp.c                  0x00000000   Number         0  stm32f10x_bkp.o ABSOLUTE
    Library\stm32f10x_can.c                  0x00000000   Number         0  stm32f10x_can.o ABSOLUTE
    Library\stm32f10x_cec.c                  0x00000000   Number         0  stm32f10x_cec.o ABSOLUTE
    Library\stm32f10x_crc.c                  0x00000000   Number         0  stm32f10x_crc.o ABSOLUTE
    Library\stm32f10x_dac.c                  0x00000000   Number         0  stm32f10x_dac.o ABSOLUTE
    Library\stm32f10x_dbgmcu.c               0x00000000   Number         0  stm32f10x_dbgmcu.o ABSOLUTE
    Library\stm32f10x_dma.c                  0x00000000   Number         0  stm32f10x_dma.o ABSOLUTE
    Library\stm32f10x_exti.c                 0x00000000   Number         0  stm32f10x_exti.o ABSOLUTE
    Library\stm32f10x_flash.c                0x00000000   Number         0  stm32f10x_flash.o ABSOLUTE
    Library\stm32f10x_fsmc.c                 0x00000000   Number         0  stm32f10x_fsmc.o ABSOLUTE
    Library\stm32f10x_gpio.c                 0x00000000   Number         0  stm32f10x_gpio.o ABSOLUTE
    Library\stm32f10x_i2c.c                  0x00000000   Number         0  stm32f10x_i2c.o ABSOLUTE
    Library\stm32f10x_iwdg.c                 0x00000000   Number         0  stm32f10x_iwdg.o ABSOLUTE
    Library\stm32f10x_pwr.c                  0x00000000   Number         0  stm32f10x_pwr.o ABSOLUTE
    Library\stm32f10x_rcc.c                  0x00000000   Number         0  stm32f10x_rcc.o ABSOLUTE
    Library\stm32f10x_rtc.c                  0x00000000   Number         0  stm32f10x_rtc.o ABSOLUTE
    Library\stm32f10x_sdio.c                 0x00000000   Number         0  stm32f10x_sdio.o ABSOLUTE
    Library\stm32f10x_spi.c                  0x00000000   Number         0  stm32f10x_spi.o ABSOLUTE
    Library\stm32f10x_tim.c                  0x00000000   Number         0  stm32f10x_tim.o ABSOLUTE
    Library\stm32f10x_usart.c                0x00000000   Number         0  stm32f10x_usart.o ABSOLUTE
    Library\stm32f10x_wwdg.c                 0x00000000   Number         0  stm32f10x_wwdg.o ABSOLUTE
    Start\\core_cm3.c                        0x00000000   Number         0  core_cm3.o ABSOLUTE
    Start\core_cm3.c                         0x00000000   Number         0  core_cm3.o ABSOLUTE
    Start\startup_stm32f10x_md.s             0x00000000   Number         0  startup_stm32f10x_md.o ABSOLUTE
    Start\system_stm32f10x.c                 0x00000000   Number         0  system_stm32f10x.o ABSOLUTE
    System\Delay.c                           0x00000000   Number         0  delay.o ABSOLUTE
    System\usart1.c                          0x00000000   Number         0  usart1.o ABSOLUTE
    System\usart2.c                          0x00000000   Number         0  usart2.o ABSOLUTE
    System\usart3.c                          0x00000000   Number         0  usart3.o ABSOLUTE
    User\Mode.c                              0x00000000   Number         0  mode.o ABSOLUTE
    User\main.c                              0x00000000   Number         0  main.o ABSOLUTE
    User\stm32f10x_it.c                      0x00000000   Number         0  stm32f10x_it.o ABSOLUTE
    cdcmple.s                                0x00000000   Number         0  cdcmple.o ABSOLUTE
    cdrcmple.s                               0x00000000   Number         0  cdrcmple.o ABSOLUTE
    cfcmple.s                                0x00000000   Number         0  cfcmple.o ABSOLUTE
    dc.s                                     0x00000000   Number         0  dc.o ABSOLUTE
    handlers.s                               0x00000000   Number         0  handlers.o ABSOLUTE
    init.s                                   0x00000000   Number         0  init.o ABSOLUTE
    RESET                                    0x08000000   Section      236  startup_stm32f10x_md.o(RESET)
    .ARM.Collect$$$$00000000                 0x080000ec   Section        0  entry.o(.ARM.Collect$$$$00000000)
    .ARM.Collect$$$$00000001                 0x080000ec   Section        4  entry2.o(.ARM.Collect$$$$00000001)
    .ARM.Collect$$$$00000004                 0x080000f0   Section        4  entry5.o(.ARM.Collect$$$$00000004)
    .ARM.Collect$$$$00000008                 0x080000f4   Section        0  entry7b.o(.ARM.Collect$$$$00000008)
    .ARM.Collect$$$$0000000A                 0x080000f4   Section        0  entry8b.o(.ARM.Collect$$$$0000000A)
    .ARM.Collect$$$$0000000B                 0x080000f4   Section        8  entry9a.o(.ARM.Collect$$$$0000000B)
    .ARM.Collect$$$$0000000D                 0x080000fc   Section        0  entry10a.o(.ARM.Collect$$$$0000000D)
    .ARM.Collect$$$$0000000F                 0x080000fc   Section        0  entry11a.o(.ARM.Collect$$$$0000000F)
    .ARM.Collect$$$$00002712                 0x080000fc   Section        4  entry2.o(.ARM.Collect$$$$00002712)
    __lit__00000000                          0x080000fc   Data           4  entry2.o(.ARM.Collect$$$$00002712)
    .text                                    0x08000100   Section       36  startup_stm32f10x_md.o(.text)
    .text                                    0x08000124   Section        0  rand.o(.text)
    .text                                    0x08000148   Section        0  fadd.o(.text)
    .text                                    0x080001f8   Section        0  fmul.o(.text)
    .text                                    0x0800025c   Section        0  fdiv.o(.text)
    .text                                    0x080002d8   Section        0  fflti.o(.text)
    .text                                    0x080002ea   Section        0  ffltui.o(.text)
    .text                                    0x080002f4   Section        0  ffixui.o(.text)
    .text                                    0x0800031c   Section        0  fepilogue.o(.text)
    .text                                    0x0800031c   Section        0  iusefp.o(.text)
    .text                                    0x0800038c   Section       36  init.o(.text)
    i.BusFault_Handler                       0x080003b0   Section        0  stm32f10x_it.o(i.BusFault_Handler)
    i.DebugMon_Handler                       0x080003b4   Section        0  stm32f10x_it.o(i.DebugMon_Handler)
    i.Delay_ms                               0x080003b6   Section        0  delay.o(i.Delay_ms)
    i.Delay_s                                0x080003ce   Section        0  delay.o(i.Delay_s)
    i.Delay_us                               0x080003e6   Section        0  delay.o(i.Delay_us)
    i.GPIO_Init                              0x08000414   Section        0  stm32f10x_gpio.o(i.GPIO_Init)
    i.GPIO_ReadOutputDataBit                 0x0800052a   Section        0  stm32f10x_gpio.o(i.GPIO_ReadOutputDataBit)
    i.GPIO_ResetBits                         0x0800053c   Section        0  stm32f10x_gpio.o(i.GPIO_ResetBits)
    i.GPIO_SetBits                           0x08000540   Section        0  stm32f10x_gpio.o(i.GPIO_SetBits)
    i.GPIO_WriteBit                          0x08000544   Section        0  stm32f10x_gpio.o(i.GPIO_WriteBit)
    i.HardFault_Handler                      0x0800054e   Section        0  stm32f10x_it.o(i.HardFault_Handler)
    i.LED13_OFF                              0x08000554   Section        0  led.o(i.LED13_OFF)
    i.LED13_Turn                             0x08000568   Section        0  led.o(i.LED13_Turn)
    i.LED_Init                               0x08000594   Section        0  led.o(i.LED_Init)
    i.MemManage_Handler                      0x080005c8   Section        0  stm32f10x_it.o(i.MemManage_Handler)
    i.NMI_Handler                            0x080005cc   Section        0  stm32f10x_it.o(i.NMI_Handler)
    i.NVIC_Init                              0x080005d0   Section        0  misc.o(i.NVIC_Init)
    i.NVIC_PriorityGroupConfig               0x08000640   Section        0  misc.o(i.NVIC_PriorityGroupConfig)
    i.OLED_Clear                             0x08000654   Section        0  oled.o(i.OLED_Clear)
    i.OLED_ClearArea                         0x0800067c   Section        0  oled.o(i.OLED_ClearArea)
    i.OLED_GPIO_Init                         0x08000724   Section        0  oled.o(i.OLED_GPIO_Init)
    i.OLED_I2C_SendByte                      0x08000784   Section        0  oled.o(i.OLED_I2C_SendByte)
    i.OLED_I2C_Start                         0x080007c2   Section        0  oled.o(i.OLED_I2C_Start)
    i.OLED_I2C_Stop                          0x080007de   Section        0  oled.o(i.OLED_I2C_Stop)
    i.OLED_Init                              0x080007f4   Section        0  oled.o(i.OLED_Init)
    i.OLED_SetCursor                         0x0800088e   Section        0  oled.o(i.OLED_SetCursor)
    i.OLED_ShowImage                         0x080008b0   Section        0  oled.o(i.OLED_ShowImage)
    i.OLED_Update                            0x080009e0   Section        0  oled.o(i.OLED_Update)
    i.OLED_W_SCL                             0x08000a08   Section        0  oled.o(i.OLED_W_SCL)
    i.OLED_W_SDA                             0x08000a20   Section        0  oled.o(i.OLED_W_SDA)
    i.OLED_WriteCommand                      0x08000a38   Section        0  oled.o(i.OLED_WriteCommand)
    i.OLED_WriteData                         0x08000a58   Section        0  oled.o(i.OLED_WriteData)
    i.PWM_Init                               0x08000a88   Section        0  pwm.o(i.PWM_Init)
    i.PWM_SetCompare1                        0x08000b50   Section        0  pwm.o(i.PWM_SetCompare1)
    i.PWM_SetCompare2                        0x08000b64   Section        0  pwm.o(i.PWM_SetCompare2)
    i.PWM_SetCompare3                        0x08000b78   Section        0  pwm.o(i.PWM_SetCompare3)
    i.PWM_SetCompare4                        0x08000b8c   Section        0  pwm.o(i.PWM_SetCompare4)
    i.PendSV_Handler                         0x08000ba0   Section        0  stm32f10x_it.o(i.PendSV_Handler)
    i.RCC_APB1PeriphClockCmd                 0x08000ba4   Section        0  stm32f10x_rcc.o(i.RCC_APB1PeriphClockCmd)
    i.RCC_APB2PeriphClockCmd                 0x08000bc4   Section        0  stm32f10x_rcc.o(i.RCC_APB2PeriphClockCmd)
    i.RCC_GetClocksFreq                      0x08000be4   Section        0  stm32f10x_rcc.o(i.RCC_GetClocksFreq)
    i.SVC_Handler                            0x08000cb8   Section        0  stm32f10x_it.o(i.SVC_Handler)
    i.Servo_GetAngle1                        0x08000cbc   Section        0  servo.o(i.Servo_GetAngle1)
    i.Servo_GetAngle2                        0x08000cdc   Section        0  servo.o(i.Servo_GetAngle2)
    i.Servo_GetAngle3                        0x08000cfc   Section        0  servo.o(i.Servo_GetAngle3)
    i.Servo_GetAngle4                        0x08000d1c   Section        0  servo.o(i.Servo_GetAngle4)
    i.Servo_Init                             0x08000d3c   Section        0  servo.o(i.Servo_Init)
    i.Servo_SetAngle1                        0x08000d44   Section        0  servo.o(i.Servo_SetAngle1)
    i.Servo_SetAngle2                        0x08000d80   Section        0  servo.o(i.Servo_SetAngle2)
    i.Servo_SetAngle3                        0x08000dbc   Section        0  servo.o(i.Servo_SetAngle3)
    i.Servo_SetAngle4                        0x08000df8   Section        0  servo.o(i.Servo_SetAngle4)
    i.SetSysClock                            0x08000e34   Section        0  system_stm32f10x.o(i.SetSysClock)
    SetSysClock                              0x08000e35   Thumb Code     8  system_stm32f10x.o(i.SetSysClock)
    i.SetSysClockTo72                        0x08000e3c   Section        0  system_stm32f10x.o(i.SetSysClockTo72)
    SetSysClockTo72                          0x08000e3d   Thumb Code   214  system_stm32f10x.o(i.SetSysClockTo72)
    i.SysTick_Handler                        0x08000f1c   Section        0  stm32f10x_it.o(i.SysTick_Handler)
    i.SystemInit                             0x08000f20   Section        0  system_stm32f10x.o(i.SystemInit)
    i.TIM_Cmd                                0x08000f80   Section        0  stm32f10x_tim.o(i.TIM_Cmd)
    i.TIM_GetCapture1                        0x08000f98   Section        0  stm32f10x_tim.o(i.TIM_GetCapture1)
    i.TIM_GetCapture2                        0x08000f9e   Section        0  stm32f10x_tim.o(i.TIM_GetCapture2)
    i.TIM_GetCapture3                        0x08000fa4   Section        0  stm32f10x_tim.o(i.TIM_GetCapture3)
    i.TIM_GetCapture4                        0x08000faa   Section        0  stm32f10x_tim.o(i.TIM_GetCapture4)
    i.TIM_InternalClockConfig                0x08000fb2   Section        0  stm32f10x_tim.o(i.TIM_InternalClockConfig)
    i.TIM_OC1Init                            0x08000fc0   Section        0  stm32f10x_tim.o(i.TIM_OC1Init)
    i.TIM_OC2Init                            0x08001058   Section        0  stm32f10x_tim.o(i.TIM_OC2Init)
    i.TIM_OC3Init                            0x080010fc   Section        0  stm32f10x_tim.o(i.TIM_OC3Init)
    i.TIM_OC4Init                            0x0800119c   Section        0  stm32f10x_tim.o(i.TIM_OC4Init)
    i.TIM_OCStructInit                       0x08001218   Section        0  stm32f10x_tim.o(i.TIM_OCStructInit)
    i.TIM_SetCompare1                        0x0800122c   Section        0  stm32f10x_tim.o(i.TIM_SetCompare1)
    i.TIM_SetCompare2                        0x08001230   Section        0  stm32f10x_tim.o(i.TIM_SetCompare2)
    i.TIM_SetCompare3                        0x08001234   Section        0  stm32f10x_tim.o(i.TIM_SetCompare3)
    i.TIM_SetCompare4                        0x08001238   Section        0  stm32f10x_tim.o(i.TIM_SetCompare4)
    i.TIM_TimeBaseInit                       0x08001240   Section        0  stm32f10x_tim.o(i.TIM_TimeBaseInit)
    i.USART1_GetRxData                       0x080012e4   Section        0  usart1.o(i.USART1_GetRxData)
    i.USART1_GetRxFlag                       0x080012fc   Section        0  usart1.o(i.USART1_GetRxFlag)
    i.USART1_IRQHandler                      0x08001318   Section        0  usart1.o(i.USART1_IRQHandler)
    i.USART1_Init                            0x08001350   Section        0  usart1.o(i.USART1_Init)
    i.USART2_IRQHandler                      0x08001404   Section        0  usart2.o(i.USART2_IRQHandler)
    i.USART2_Init                            0x0800143c   Section        0  usart2.o(i.USART2_Init)
    i.USART3_IRQHandler                      0x080014ec   Section        0  usart3.o(i.USART3_IRQHandler)
    i.USART_ClearITPendingBit                0x08001524   Section        0  stm32f10x_usart.o(i.USART_ClearITPendingBit)
    i.USART_Cmd                              0x08001542   Section        0  stm32f10x_usart.o(i.USART_Cmd)
    i.USART_GetITStatus                      0x0800155a   Section        0  stm32f10x_usart.o(i.USART_GetITStatus)
    i.USART_ITConfig                         0x080015ae   Section        0  stm32f10x_usart.o(i.USART_ITConfig)
    i.USART_Init                             0x080015f8   Section        0  stm32f10x_usart.o(i.USART_Init)
    i.USART_ReceiveData                      0x080016d0   Section        0  stm32f10x_usart.o(i.USART_ReceiveData)
    i.UsageFault_Handler                     0x080016da   Section        0  stm32f10x_it.o(i.UsageFault_Handler)
    i.__scatterload_copy                     0x080016de   Section       14  handlers.o(i.__scatterload_copy)
    i.__scatterload_null                     0x080016ec   Section        2  handlers.o(i.__scatterload_null)
    i.__scatterload_zeroinit                 0x080016ee   Section       14  handlers.o(i.__scatterload_zeroinit)
    i.lan_yao                                0x080016fc   Section        0  movement.o(i.lan_yao)
    i.main                                   0x08001808   Section        0  main.o(i.main)
    i.mode_behind                            0x0800195c   Section        0  mode.o(i.mode_behind)
    i.mode_dance                             0x080019ac   Section        0  mode.o(i.mode_dance)
    i.mode_forward                           0x080019dc   Section        0  mode.o(i.mode_forward)
    i.mode_headup                            0x08001a2c   Section        0  mode.o(i.mode_headup)
    i.mode_hello                             0x08001a80   Section        0  mode.o(i.mode_hello)
    i.mode_lanyao                            0x08001bbc   Section        0  mode.o(i.mode_lanyao)
    i.mode_left                              0x08001c20   Section        0  mode.o(i.mode_left)
    i.mode_right                             0x08001c70   Section        0  mode.o(i.mode_right)
    i.mode_sleeppa                           0x08001cc0   Section        0  mode.o(i.mode_sleeppa)
    i.mode_sleepwo                           0x08001d10   Section        0  mode.o(i.mode_sleepwo)
    i.mode_slowstand                         0x08001d94   Section        0  mode.o(i.mode_slowstand)
    i.mode_stand                             0x08001dd0   Section        0  mode.o(i.mode_stand)
    i.mode_strech                            0x08001e0c   Section        0  mode.o(i.mode_strech)
    i.mode_swing_qianhou                     0x08001e74   Section        0  mode.o(i.mode_swing_qianhou)
    i.mode_swing_zuoyou                      0x08001ea4   Section        0  mode.o(i.mode_swing_zuoyou)
    i.move_behind                            0x08001ed4   Section        0  movement.o(i.move_behind)
    i.move_dance                             0x08001f88   Section        0  movement.o(i.move_dance)
    i.move_forward                           0x080020b4   Section        0  movement.o(i.move_forward)
    i.move_head_up                           0x08002168   Section        0  movement.o(i.move_head_up)
    i.move_left                              0x080021f8   Section        0  movement.o(i.move_left)
    i.move_right                             0x0800225c   Section        0  movement.o(i.move_right)
    i.move_shake_qianhou                     0x080022c0   Section        0  movement.o(i.move_shake_qianhou)
    i.move_shake_zuoyou                      0x08002348   Section        0  movement.o(i.move_shake_zuoyou)
    i.move_sleep_p                           0x080023fc   Section        0  movement.o(i.move_sleep_p)
    i.move_sleep_w                           0x0800248c   Section        0  movement.o(i.move_sleep_w)
    i.move_slow_stand                        0x080024f4   Section        0  movement.o(i.move_slow_stand)
    i.move_stand                             0x08002664   Section        0  movement.o(i.move_stand)
    i.move_stretch                           0x0800268c   Section        0  movement.o(i.move_stretch)
    .constdata                               0x080027b0   Section    16100  oled_data.o(.constdata)
    .data                                    0x20000000   Section       20  stm32f10x_rcc.o(.data)
    APBAHBPrescTable                         0x20000000   Data          16  stm32f10x_rcc.o(.data)
    ADCPrescTable                            0x20000010   Data           4  stm32f10x_rcc.o(.data)
    .data                                    0x20000014   Section        2  usart1.o(.data)
    .data                                    0x20000016   Section        2  usart2.o(.data)
    .data                                    0x20000018   Section        2  usart3.o(.data)
    .data                                    0x2000001c   Section       16  movement.o(.data)
    .data                                    0x2000002c   Section       14  main.o(.data)
    .data                                    0x2000003c   Section        4  rand.o(.data)
    _rand_state                              0x2000003c   Data           4  rand.o(.data)
    .bss                                     0x20000040   Section     1024  oled.o(.bss)
    STACK                                    0x20000440   Section     1024  startup_stm32f10x_md.o(STACK)

    Global Symbols

    Symbol Name                              Value     Ov Type        Size  Object(Section)

    BuildAttributes$$THM_ISAv4$P$D$K$B$S$PE$A:L22UL41UL21$X:L11$S22US41US21$IEEE1$IW$USESV6$~STKCKD$USESV7$~SHL$OTIME$ROPI$IEEEX$EBA8$MICROLIB$REQ8$PRES8$EABIv2 0x00000000   Number         0  anon$$obj.o ABSOLUTE
    __ARM_use_no_argv                        0x00000000   Number         0  main.o ABSOLUTE
    __cpp_initialize__aeabi_                  - Undefined Weak Reference
    __cxa_finalize                            - Undefined Weak Reference
    __decompress                              - Undefined Weak Reference
    _clock_init                               - Undefined Weak Reference
    _microlib_exit                            - Undefined Weak Reference
    __Vectors_Size                           0x000000ec   Number         0  startup_stm32f10x_md.o ABSOLUTE
    __Vectors                                0x08000000   Data           4  startup_stm32f10x_md.o(RESET)
    __Vectors_End                            0x080000ec   Data           0  startup_stm32f10x_md.o(RESET)
    __main                                   0x080000ed   Thumb Code     0  entry.o(.ARM.Collect$$$$00000000)
    _main_stk                                0x080000ed   Thumb Code     0  entry2.o(.ARM.Collect$$$$00000001)
    _main_scatterload                        0x080000f1   Thumb Code     0  entry5.o(.ARM.Collect$$$$00000004)
    __main_after_scatterload                 0x080000f5   Thumb Code     0  entry5.o(.ARM.Collect$$$$00000004)
    _main_clock                              0x080000f5   Thumb Code     0  entry7b.o(.ARM.Collect$$$$00000008)
    _main_cpp_init                           0x080000f5   Thumb Code     0  entry8b.o(.ARM.Collect$$$$0000000A)
    _main_init                               0x080000f5   Thumb Code     0  entry9a.o(.ARM.Collect$$$$0000000B)
    __rt_final_cpp                           0x080000fd   Thumb Code     0  entry10a.o(.ARM.Collect$$$$0000000D)
    __rt_final_exit                          0x080000fd   Thumb Code     0  entry11a.o(.ARM.Collect$$$$0000000F)
    Reset_Handler                            0x08000101   Thumb Code     8  startup_stm32f10x_md.o(.text)
    ADC1_2_IRQHandler                        0x0800011b   Thumb Code     0  startup_stm32f10x_md.o(.text)
    CAN1_RX1_IRQHandler                      0x0800011b   Thumb Code     0  startup_stm32f10x_md.o(.text)
    CAN1_SCE_IRQHandler                      0x0800011b   Thumb Code     0  startup_stm32f10x_md.o(.text)
    DMA1_Channel1_IRQHandler                 0x0800011b   Thumb Code     0  startup_stm32f10x_md.o(.text)
    DMA1_Channel2_IRQHandler                 0x0800011b   Thumb Code     0  startup_stm32f10x_md.o(.text)
    DMA1_Channel3_IRQHandler                 0x0800011b   Thumb Code     0  startup_stm32f10x_md.o(.text)
    DMA1_Channel4_IRQHandler                 0x0800011b   Thumb Code     0  startup_stm32f10x_md.o(.text)
    DMA1_Channel5_IRQHandler                 0x0800011b   Thumb Code     0  startup_stm32f10x_md.o(.text)
    DMA1_Channel6_IRQHandler                 0x0800011b   Thumb Code     0  startup_stm32f10x_md.o(.text)
    DMA1_Channel7_IRQHandler                 0x0800011b   Thumb Code     0  startup_stm32f10x_md.o(.text)
    EXTI0_IRQHandler                         0x0800011b   Thumb Code     0  startup_stm32f10x_md.o(.text)
    EXTI15_10_IRQHandler                     0x0800011b   Thumb Code     0  startup_stm32f10x_md.o(.text)
    EXTI1_IRQHandler                         0x0800011b   Thumb Code     0  startup_stm32f10x_md.o(.text)
    EXTI2_IRQHandler                         0x0800011b   Thumb Code     0  startup_stm32f10x_md.o(.text)
    EXTI3_IRQHandler                         0x0800011b   Thumb Code     0  startup_stm32f10x_md.o(.text)
    EXTI4_IRQHandler                         0x0800011b   Thumb Code     0  startup_stm32f10x_md.o(.text)
    EXTI9_5_IRQHandler                       0x0800011b   Thumb Code     0  startup_stm32f10x_md.o(.text)
    FLASH_IRQHandler                         0x0800011b   Thumb Code     0  startup_stm32f10x_md.o(.text)
    I2C1_ER_IRQHandler                       0x0800011b   Thumb Code     0  startup_stm32f10x_md.o(.text)
    I2C1_EV_IRQHandler                       0x0800011b   Thumb Code     0  startup_stm32f10x_md.o(.text)
    I2C2_ER_IRQHandler                       0x0800011b   Thumb Code     0  startup_stm32f10x_md.o(.text)
    I2C2_EV_IRQHandler                       0x0800011b   Thumb Code     0  startup_stm32f10x_md.o(.text)
    PVD_IRQHandler                           0x0800011b   Thumb Code     0  startup_stm32f10x_md.o(.text)
    RCC_IRQHandler                           0x0800011b   Thumb Code     0  startup_stm32f10x_md.o(.text)
    RTCAlarm_IRQHandler                      0x0800011b   Thumb Code     0  startup_stm32f10x_md.o(.text)
    RTC_IRQHandler                           0x0800011b   Thumb Code     0  startup_stm32f10x_md.o(.text)
    SPI1_IRQHandler                          0x0800011b   Thumb Code     0  startup_stm32f10x_md.o(.text)
    SPI2_IRQHandler                          0x0800011b   Thumb Code     0  startup_stm32f10x_md.o(.text)
    TAMPER_IRQHandler                        0x0800011b   Thumb Code     0  startup_stm32f10x_md.o(.text)
    TIM1_BRK_IRQHandler                      0x0800011b   Thumb Code     0  startup_stm32f10x_md.o(.text)
    TIM1_CC_IRQHandler                       0x0800011b   Thumb Code     0  startup_stm32f10x_md.o(.text)
    TIM1_TRG_COM_IRQHandler                  0x0800011b   Thumb Code     0  startup_stm32f10x_md.o(.text)
    TIM1_UP_IRQHandler                       0x0800011b   Thumb Code     0  startup_stm32f10x_md.o(.text)
    TIM2_IRQHandler                          0x0800011b   Thumb Code     0  startup_stm32f10x_md.o(.text)
    TIM3_IRQHandler                          0x0800011b   Thumb Code     0  startup_stm32f10x_md.o(.text)
    TIM4_IRQHandler                          0x0800011b   Thumb Code     0  startup_stm32f10x_md.o(.text)
    USBWakeUp_IRQHandler                     0x0800011b   Thumb Code     0  startup_stm32f10x_md.o(.text)
    USB_HP_CAN1_TX_IRQHandler                0x0800011b   Thumb Code     0  startup_stm32f10x_md.o(.text)
    USB_LP_CAN1_RX0_IRQHandler               0x0800011b   Thumb Code     0  startup_stm32f10x_md.o(.text)
    WWDG_IRQHandler                          0x0800011b   Thumb Code     0  startup_stm32f10x_md.o(.text)
    rand                                     0x08000125   Thumb Code    20  rand.o(.text)
    srand                                    0x08000139   Thumb Code     6  rand.o(.text)
    __aeabi_fadd                             0x08000149   Thumb Code   164  fadd.o(.text)
    __aeabi_fsub                             0x080001ed   Thumb Code     6  fadd.o(.text)
    __aeabi_frsub                            0x080001f3   Thumb Code     6  fadd.o(.text)
    __aeabi_fmul                             0x080001f9   Thumb Code   100  fmul.o(.text)
    __aeabi_fdiv                             0x0800025d   Thumb Code   124  fdiv.o(.text)
    __aeabi_i2f                              0x080002d9   Thumb Code    18  fflti.o(.text)
    __aeabi_ui2f                             0x080002eb   Thumb Code    10  ffltui.o(.text)
    __aeabi_f2uiz                            0x080002f5   Thumb Code    40  ffixui.o(.text)
    __I$use$fp                               0x0800031d   Thumb Code     0  iusefp.o(.text)
    _float_round                             0x0800031d   Thumb Code    18  fepilogue.o(.text)
    _float_epilogue                          0x0800032f   Thumb Code    92  fepilogue.o(.text)
    __scatterload                            0x0800038d   Thumb Code    28  init.o(.text)
    __scatterload_rt2                        0x0800038d   Thumb Code     0  init.o(.text)
    BusFault_Handler                         0x080003b1   Thumb Code     4  stm32f10x_it.o(i.BusFault_Handler)
    DebugMon_Handler                         0x080003b5   Thumb Code     2  stm32f10x_it.o(i.DebugMon_Handler)
    Delay_ms                                 0x080003b7   Thumb Code    24  delay.o(i.Delay_ms)
    Delay_s                                  0x080003cf   Thumb Code    24  delay.o(i.Delay_s)
    Delay_us                                 0x080003e7   Thumb Code    46  delay.o(i.Delay_us)
    GPIO_Init                                0x08000415   Thumb Code   278  stm32f10x_gpio.o(i.GPIO_Init)
    GPIO_ReadOutputDataBit                   0x0800052b   Thumb Code    18  stm32f10x_gpio.o(i.GPIO_ReadOutputDataBit)
    GPIO_ResetBits                           0x0800053d   Thumb Code     4  stm32f10x_gpio.o(i.GPIO_ResetBits)
    GPIO_SetBits                             0x08000541   Thumb Code     4  stm32f10x_gpio.o(i.GPIO_SetBits)
    GPIO_WriteBit                            0x08000545   Thumb Code    10  stm32f10x_gpio.o(i.GPIO_WriteBit)
    HardFault_Handler                        0x0800054f   Thumb Code     4  stm32f10x_it.o(i.HardFault_Handler)
    LED13_OFF                                0x08000555   Thumb Code    14  led.o(i.LED13_OFF)
    LED13_Turn                               0x08000569   Thumb Code    38  led.o(i.LED13_Turn)
    LED_Init                                 0x08000595   Thumb Code    48  led.o(i.LED_Init)
    MemManage_Handler                        0x080005c9   Thumb Code     4  stm32f10x_it.o(i.MemManage_Handler)
    NMI_Handler                              0x080005cd   Thumb Code     2  stm32f10x_it.o(i.NMI_Handler)
    NVIC_Init                                0x080005d1   Thumb Code   100  misc.o(i.NVIC_Init)
    NVIC_PriorityGroupConfig                 0x08000641   Thumb Code    10  misc.o(i.NVIC_PriorityGroupConfig)
    OLED_Clear                               0x08000655   Thumb Code    36  oled.o(i.OLED_Clear)
    OLED_ClearArea                           0x0800067d   Thumb Code   162  oled.o(i.OLED_ClearArea)
    OLED_GPIO_Init                           0x08000725   Thumb Code    92  oled.o(i.OLED_GPIO_Init)
    OLED_I2C_SendByte                        0x08000785   Thumb Code    62  oled.o(i.OLED_I2C_SendByte)
    OLED_I2C_Start                           0x080007c3   Thumb Code    28  oled.o(i.OLED_I2C_Start)
    OLED_I2C_Stop                            0x080007df   Thumb Code    22  oled.o(i.OLED_I2C_Stop)
    OLED_Init                                0x080007f5   Thumb Code   154  oled.o(i.OLED_Init)
    OLED_SetCursor                           0x0800088f   Thumb Code    34  oled.o(i.OLED_SetCursor)
    OLED_ShowImage                           0x080008b1   Thumb Code   300  oled.o(i.OLED_ShowImage)
    OLED_Update                              0x080009e1   Thumb Code    36  oled.o(i.OLED_Update)
    OLED_W_SCL                               0x08000a09   Thumb Code    18  oled.o(i.OLED_W_SCL)
    OLED_W_SDA                               0x08000a21   Thumb Code    18  oled.o(i.OLED_W_SDA)
    OLED_WriteCommand                        0x08000a39   Thumb Code    32  oled.o(i.OLED_WriteCommand)
    OLED_WriteData                           0x08000a59   Thumb Code    46  oled.o(i.OLED_WriteData)
    PWM_Init                                 0x08000a89   Thumb Code   186  pwm.o(i.PWM_Init)
    PWM_SetCompare1                          0x08000b51   Thumb Code    14  pwm.o(i.PWM_SetCompare1)
    PWM_SetCompare2                          0x08000b65   Thumb Code    14  pwm.o(i.PWM_SetCompare2)
    PWM_SetCompare3                          0x08000b79   Thumb Code    14  pwm.o(i.PWM_SetCompare3)
    PWM_SetCompare4                          0x08000b8d   Thumb Code    14  pwm.o(i.PWM_SetCompare4)
    PendSV_Handler                           0x08000ba1   Thumb Code     2  stm32f10x_it.o(i.PendSV_Handler)
    RCC_APB1PeriphClockCmd                   0x08000ba5   Thumb Code    26  stm32f10x_rcc.o(i.RCC_APB1PeriphClockCmd)
    RCC_APB2PeriphClockCmd                   0x08000bc5   Thumb Code    26  stm32f10x_rcc.o(i.RCC_APB2PeriphClockCmd)
    RCC_GetClocksFreq                        0x08000be5   Thumb Code   192  stm32f10x_rcc.o(i.RCC_GetClocksFreq)
    SVC_Handler                              0x08000cb9   Thumb Code     2  stm32f10x_it.o(i.SVC_Handler)
    Servo_GetAngle1                          0x08000cbd   Thumb Code    28  servo.o(i.Servo_GetAngle1)
    Servo_GetAngle2                          0x08000cdd   Thumb Code    28  servo.o(i.Servo_GetAngle2)
    Servo_GetAngle3                          0x08000cfd   Thumb Code    28  servo.o(i.Servo_GetAngle3)
    Servo_GetAngle4                          0x08000d1d   Thumb Code    28  servo.o(i.Servo_GetAngle4)
    Servo_Init                               0x08000d3d   Thumb Code     8  servo.o(i.Servo_Init)
    Servo_SetAngle1                          0x08000d45   Thumb Code    48  servo.o(i.Servo_SetAngle1)
    Servo_SetAngle2                          0x08000d81   Thumb Code    48  servo.o(i.Servo_SetAngle2)
    Servo_SetAngle3                          0x08000dbd   Thumb Code    48  servo.o(i.Servo_SetAngle3)
    Servo_SetAngle4                          0x08000df9   Thumb Code    48  servo.o(i.Servo_SetAngle4)
    SysTick_Handler                          0x08000f1d   Thumb Code     2  stm32f10x_it.o(i.SysTick_Handler)
    SystemInit                               0x08000f21   Thumb Code    78  system_stm32f10x.o(i.SystemInit)
    TIM_Cmd                                  0x08000f81   Thumb Code    24  stm32f10x_tim.o(i.TIM_Cmd)
    TIM_GetCapture1                          0x08000f99   Thumb Code     6  stm32f10x_tim.o(i.TIM_GetCapture1)
    TIM_GetCapture2                          0x08000f9f   Thumb Code     6  stm32f10x_tim.o(i.TIM_GetCapture2)
    TIM_GetCapture3                          0x08000fa5   Thumb Code     6  stm32f10x_tim.o(i.TIM_GetCapture3)
    TIM_GetCapture4                          0x08000fab   Thumb Code     8  stm32f10x_tim.o(i.TIM_GetCapture4)
    TIM_InternalClockConfig                  0x08000fb3   Thumb Code    12  stm32f10x_tim.o(i.TIM_InternalClockConfig)
    TIM_OC1Init                              0x08000fc1   Thumb Code   132  stm32f10x_tim.o(i.TIM_OC1Init)
    TIM_OC2Init                              0x08001059   Thumb Code   154  stm32f10x_tim.o(i.TIM_OC2Init)
    TIM_OC3Init                              0x080010fd   Thumb Code   150  stm32f10x_tim.o(i.TIM_OC3Init)
    TIM_OC4Init                              0x0800119d   Thumb Code   114  stm32f10x_tim.o(i.TIM_OC4Init)
    TIM_OCStructInit                         0x08001219   Thumb Code    20  stm32f10x_tim.o(i.TIM_OCStructInit)
    TIM_SetCompare1                          0x0800122d   Thumb Code     4  stm32f10x_tim.o(i.TIM_SetCompare1)
    TIM_SetCompare2                          0x08001231   Thumb Code     4  stm32f10x_tim.o(i.TIM_SetCompare2)
    TIM_SetCompare3                          0x08001235   Thumb Code     4  stm32f10x_tim.o(i.TIM_SetCompare3)
    TIM_SetCompare4                          0x08001239   Thumb Code     6  stm32f10x_tim.o(i.TIM_SetCompare4)
    TIM_TimeBaseInit                         0x08001241   Thumb Code   122  stm32f10x_tim.o(i.TIM_TimeBaseInit)
    USART1_GetRxData                         0x080012e5   Thumb Code    20  usart1.o(i.USART1_GetRxData)
    USART1_GetRxFlag                         0x080012fd   Thumb Code    22  usart1.o(i.USART1_GetRxFlag)
    USART1_IRQHandler                        0x08001319   Thumb Code    44  usart1.o(i.USART1_IRQHandler)
    USART1_Init                              0x08001351   Thumb Code   170  usart1.o(i.USART1_Init)
    USART2_IRQHandler                        0x08001405   Thumb Code    44  usart2.o(i.USART2_IRQHandler)
    USART2_Init                              0x0800143d   Thumb Code   166  usart2.o(i.USART2_Init)
    USART3_IRQHandler                        0x080014ed   Thumb Code    44  usart3.o(i.USART3_IRQHandler)
    USART_ClearITPendingBit                  0x08001525   Thumb Code    30  stm32f10x_usart.o(i.USART_ClearITPendingBit)
    USART_Cmd                                0x08001543   Thumb Code    24  stm32f10x_usart.o(i.USART_Cmd)
    USART_GetITStatus                        0x0800155b   Thumb Code    84  stm32f10x_usart.o(i.USART_GetITStatus)
    USART_ITConfig                           0x080015af   Thumb Code    74  stm32f10x_usart.o(i.USART_ITConfig)
    USART_Init                               0x080015f9   Thumb Code   210  stm32f10x_usart.o(i.USART_Init)
    USART_ReceiveData                        0x080016d1   Thumb Code    10  stm32f10x_usart.o(i.USART_ReceiveData)
    UsageFault_Handler                       0x080016db   Thumb Code     4  stm32f10x_it.o(i.UsageFault_Handler)
    __scatterload_copy                       0x080016df   Thumb Code    14  handlers.o(i.__scatterload_copy)
    __scatterload_null                       0x080016ed   Thumb Code     2  handlers.o(i.__scatterload_null)
    __scatterload_zeroinit                   0x080016ef   Thumb Code    14  handlers.o(i.__scatterload_zeroinit)
    lan_yao                                  0x080016fd   Thumb Code   258  movement.o(i.lan_yao)
    main                                     0x08001809   Thumb Code   326  main.o(i.main)
    mode_behind                              0x0800195d   Thumb Code    62  mode.o(i.mode_behind)
    mode_dance                               0x080019ad   Thumb Code    36  mode.o(i.mode_dance)
    mode_forward                             0x080019dd   Thumb Code    62  mode.o(i.mode_forward)
    mode_headup                              0x08001a2d   Thumb Code    66  mode.o(i.mode_headup)
    mode_hello                               0x08001a81   Thumb Code   286  mode.o(i.mode_hello)
    mode_lanyao                              0x08001bbd   Thumb Code    82  mode.o(i.mode_lanyao)
    mode_left                                0x08001c21   Thumb Code    62  mode.o(i.mode_left)
    mode_right                               0x08001c71   Thumb Code    62  mode.o(i.mode_right)
    mode_sleeppa                             0x08001cc1   Thumb Code    66  mode.o(i.mode_sleeppa)
    mode_sleepwo                             0x08001d11   Thumb Code   112  mode.o(i.mode_sleepwo)
    mode_slowstand                           0x08001d95   Thumb Code    46  mode.o(i.mode_slowstand)
    mode_stand                               0x08001dd1   Thumb Code    48  mode.o(i.mode_stand)
    mode_strech                              0x08001e0d   Thumb Code    82  mode.o(i.mode_strech)
    mode_swing_qianhou                       0x08001e75   Thumb Code    36  mode.o(i.mode_swing_qianhou)
    mode_swing_zuoyou                        0x08001ea5   Thumb Code    36  mode.o(i.mode_swing_zuoyou)
    move_behind                              0x08001ed5   Thumb Code   164  movement.o(i.move_behind)
    move_dance                               0x08001f89   Thumb Code   284  movement.o(i.move_dance)
    move_forward                             0x080020b5   Thumb Code   164  movement.o(i.move_forward)
    move_head_up                             0x08002169   Thumb Code   140  movement.o(i.move_head_up)
    move_left                                0x080021f9   Thumb Code    84  movement.o(i.move_left)
    move_right                               0x0800225d   Thumb Code    84  movement.o(i.move_right)
    move_shake_qianhou                       0x080022c1   Thumb Code   124  movement.o(i.move_shake_qianhou)
    move_shake_zuoyou                        0x08002349   Thumb Code   164  movement.o(i.move_shake_zuoyou)
    move_sleep_p                             0x080023fd   Thumb Code   140  movement.o(i.move_sleep_p)
    move_sleep_w                             0x0800248d   Thumb Code    92  movement.o(i.move_sleep_w)
    move_slow_stand                          0x080024f5   Thumb Code   352  movement.o(i.move_slow_stand)
    move_stand                               0x08002665   Thumb Code    36  movement.o(i.move_stand)
    move_stretch                             0x0800268d   Thumb Code   274  movement.o(i.move_stretch)
    OLED_F8x16                               0x080027b0   Data        1520  oled_data.o(.constdata)
    OLED_F6x8                                0x08002da0   Data         570  oled_data.o(.constdata)
    OLED_CF16x16                             0x08002fda   Data         490  oled_data.o(.constdata)
    Diode                                    0x080031c4   Data          32  oled_data.o(.constdata)
    BMP1                                     0x080031e4   Data        1024  oled_data.o(.constdata)
    BMP2                                     0x080035e4   Data        1024  oled_data.o(.constdata)
    BMP4                                     0x080039e4   Data        1024  oled_data.o(.constdata)
    BMP3                                     0x08003de4   Data        1024  oled_data.o(.constdata)
    BMP5                                     0x080041e4   Data        1024  oled_data.o(.constdata)
    BMP6                                     0x080045e4   Data        1024  oled_data.o(.constdata)
    BMP7                                     0x080049e4   Data        1024  oled_data.o(.constdata)
    BMP8                                     0x08004de4   Data        1024  oled_data.o(.constdata)
    BMP9                                     0x080051e4   Data        1024  oled_data.o(.constdata)
    BMP10                                    0x080055e4   Data        1024  oled_data.o(.constdata)
    BMP11                                    0x080059e4   Data        1024  oled_data.o(.constdata)
    BMP12                                    0x08005de4   Data        1024  oled_data.o(.constdata)
    huaji                                    0x080061e4   Data        1200  oled_data.o(.constdata)
    Region$$Table$$Base                      0x08006694   Number         0  anon$$obj.o(Region$$Table)
    Region$$Table$$Limit                     0x080066b4   Number         0  anon$$obj.o(Region$$Table)
    USART1_RxData                            0x20000014   Data           1  usart1.o(.data)
    USART1_RxFlag                            0x20000015   Data           1  usart1.o(.data)
    USART2_RxData                            0x20000016   Data           1  usart2.o(.data)
    USART2_RxFlag                            0x20000017   Data           1  usart2.o(.data)
    USART3_RxData                            0x20000018   Data           1  usart3.o(.data)
    USART3_RxFlag                            0x20000019   Data           1  usart3.o(.data)
    i                                        0x2000001c   Data           4  movement.o(.data)
    j                                        0x20000020   Data           4  movement.o(.data)
    movedelay                                0x20000024   Data           4  movement.o(.data)
    angle_1                                  0x20000028   Data           1  movement.o(.data)
    angle_2                                  0x20000029   Data           1  movement.o(.data)
    angle_3                                  0x2000002a   Data           1  movement.o(.data)
    angle_4                                  0x2000002b   Data           1  movement.o(.data)
    RxData                                   0x2000002c   Data           1  main.o(.data)
    move_mode3                               0x2000002d   Data           1  main.o(.data)
    move_mode                                0x2000002e   Data           1  main.o(.data)
    previous_mode                            0x2000002f   Data           1  main.o(.data)
    T                                        0x20000030   Data           2  main.o(.data)
    ff                                       0x20000032   Data           2  main.o(.data)
    bb                                       0x20000034   Data           2  main.o(.data)
    ll                                       0x20000036   Data           2  main.o(.data)
    rr                                       0x20000038   Data           2  main.o(.data)
    OLED_DisplayBuf                          0x20000040   Data        1024  oled.o(.bss)
    __initial_sp                             0x20000840   Data           0  startup_stm32f10x_md.o(STACK)



==============================================================================

Memory Map of the image

  Image Entry point : 0x080000ed

  Load Region LR_IROM1 (Base: 0x08000000, Size: 0x000066f4, Max: 0x00010000, ABSOLUTE)

    Execution Region ER_IROM1 (Exec base: 0x08000000, Load base: 0x08000000, Size: 0x000066b4, Max: 0x00010000, ABSOLUTE)

    Exec Addr    Load Addr    Size         Type   Attr      Idx    E Section Name        Object

    0x08000000   0x08000000   0x000000ec   Data   RO            3    RESET               startup_stm32f10x_md.o
    0x080000ec   0x080000ec   0x00000000   Code   RO         4098  * .ARM.Collect$$$$00000000  mc_w.l(entry.o)
    0x080000ec   0x080000ec   0x00000004   Code   RO         4193    .ARM.Collect$$$$00000001  mc_w.l(entry2.o)
    0x080000f0   0x080000f0   0x00000004   Code   RO         4196    .ARM.Collect$$$$00000004  mc_w.l(entry5.o)
    0x080000f4   0x080000f4   0x00000000   Code   RO         4198    .ARM.Collect$$$$00000008  mc_w.l(entry7b.o)
    0x080000f4   0x080000f4   0x00000000   Code   RO         4200    .ARM.Collect$$$$0000000A  mc_w.l(entry8b.o)
    0x080000f4   0x080000f4   0x00000008   Code   RO         4201    .ARM.Collect$$$$0000000B  mc_w.l(entry9a.o)
    0x080000fc   0x080000fc   0x00000000   Code   RO         4203    .ARM.Collect$$$$0000000D  mc_w.l(entry10a.o)
    0x080000fc   0x080000fc   0x00000000   Code   RO         4205    .ARM.Collect$$$$0000000F  mc_w.l(entry11a.o)
    0x080000fc   0x080000fc   0x00000004   Code   RO         4194    .ARM.Collect$$$$00002712  mc_w.l(entry2.o)
    0x08000100   0x08000100   0x00000024   Code   RO            4    .text               startup_stm32f10x_md.o
    0x08000124   0x08000124   0x00000024   Code   RO         4101    .text               mc_w.l(rand.o)
    0x08000148   0x08000148   0x000000b0   Code   RO         4134    .text               mf_w.l(fadd.o)
    0x080001f8   0x080001f8   0x00000064   Code   RO         4136    .text               mf_w.l(fmul.o)
    0x0800025c   0x0800025c   0x0000007c   Code   RO         4138    .text               mf_w.l(fdiv.o)
    0x080002d8   0x080002d8   0x00000012   Code   RO         4146    .text               mf_w.l(fflti.o)
    0x080002ea   0x080002ea   0x0000000a   Code   RO         4148    .text               mf_w.l(ffltui.o)
    0x080002f4   0x080002f4   0x00000028   Code   RO         4154    .text               mf_w.l(ffixui.o)
    0x0800031c   0x0800031c   0x00000000   Code   RO         4227    .text               mc_w.l(iusefp.o)
    0x0800031c   0x0800031c   0x0000006e   Code   RO         4228    .text               mf_w.l(fepilogue.o)
    0x0800038a   0x0800038a   0x00000002   PAD
    0x0800038c   0x0800038c   0x00000024   Code   RO         4240    .text               mc_w.l(init.o)
    0x080003b0   0x080003b0   0x00000004   Code   RO         4025    i.BusFault_Handler  stm32f10x_it.o
    0x080003b4   0x080003b4   0x00000002   Code   RO         4026    i.DebugMon_Handler  stm32f10x_it.o
    0x080003b6   0x080003b6   0x00000018   Code   RO         3196    i.Delay_ms          delay.o
    0x080003ce   0x080003ce   0x00000018   Code   RO         3197    i.Delay_s           delay.o
    0x080003e6   0x080003e6   0x0000002e   Code   RO         3198    i.Delay_us          delay.o
    0x08000414   0x08000414   0x00000116   Code   RO         1347    i.GPIO_Init         stm32f10x_gpio.o
    0x0800052a   0x0800052a   0x00000012   Code   RO         1353    i.GPIO_ReadOutputDataBit  stm32f10x_gpio.o
    0x0800053c   0x0800053c   0x00000004   Code   RO         1354    i.GPIO_ResetBits    stm32f10x_gpio.o
    0x08000540   0x08000540   0x00000004   Code   RO         1355    i.GPIO_SetBits      stm32f10x_gpio.o
    0x08000544   0x08000544   0x0000000a   Code   RO         1358    i.GPIO_WriteBit     stm32f10x_gpio.o
    0x0800054e   0x0800054e   0x00000004   Code   RO         4027    i.HardFault_Handler  stm32f10x_it.o
    0x08000552   0x08000552   0x00000002   PAD
    0x08000554   0x08000554   0x00000014   Code   RO         3338    i.LED13_OFF         led.o
    0x08000568   0x08000568   0x0000002c   Code   RO         3340    i.LED13_Turn        led.o
    0x08000594   0x08000594   0x00000034   Code   RO         3341    i.LED_Init          led.o
    0x080005c8   0x080005c8   0x00000004   Code   RO         4028    i.MemManage_Handler  stm32f10x_it.o
    0x080005cc   0x080005cc   0x00000002   Code   RO         4029    i.NMI_Handler       stm32f10x_it.o
    0x080005ce   0x080005ce   0x00000002   PAD
    0x080005d0   0x080005d0   0x00000070   Code   RO          137    i.NVIC_Init         misc.o
    0x08000640   0x08000640   0x00000014   Code   RO          138    i.NVIC_PriorityGroupConfig  misc.o
    0x08000654   0x08000654   0x00000028   Code   RO         3368    i.OLED_Clear        oled.o
    0x0800067c   0x0800067c   0x000000a8   Code   RO         3369    i.OLED_ClearArea    oled.o
    0x08000724   0x08000724   0x00000060   Code   RO         3377    i.OLED_GPIO_Init    oled.o
    0x08000784   0x08000784   0x0000003e   Code   RO         3379    i.OLED_I2C_SendByte  oled.o
    0x080007c2   0x080007c2   0x0000001c   Code   RO         3380    i.OLED_I2C_Start    oled.o
    0x080007de   0x080007de   0x00000016   Code   RO         3381    i.OLED_I2C_Stop     oled.o
    0x080007f4   0x080007f4   0x0000009a   Code   RO         3382    i.OLED_Init         oled.o
    0x0800088e   0x0800088e   0x00000022   Code   RO         3388    i.OLED_SetCursor    oled.o
    0x080008b0   0x080008b0   0x00000130   Code   RO         3394    i.OLED_ShowImage    oled.o
    0x080009e0   0x080009e0   0x00000028   Code   RO         3398    i.OLED_Update       oled.o
    0x08000a08   0x08000a08   0x00000018   Code   RO         3400    i.OLED_W_SCL        oled.o
    0x08000a20   0x08000a20   0x00000018   Code   RO         3401    i.OLED_W_SDA        oled.o
    0x08000a38   0x08000a38   0x00000020   Code   RO         3402    i.OLED_WriteCommand  oled.o
    0x08000a58   0x08000a58   0x0000002e   Code   RO         3403    i.OLED_WriteData    oled.o
    0x08000a86   0x08000a86   0x00000002   PAD
    0x08000a88   0x08000a88   0x000000c8   Code   RO         3632    i.PWM_Init          pwm.o
    0x08000b50   0x08000b50   0x00000014   Code   RO         3633    i.PWM_SetCompare1   pwm.o
    0x08000b64   0x08000b64   0x00000014   Code   RO         3634    i.PWM_SetCompare2   pwm.o
    0x08000b78   0x08000b78   0x00000014   Code   RO         3635    i.PWM_SetCompare3   pwm.o
    0x08000b8c   0x08000b8c   0x00000014   Code   RO         3636    i.PWM_SetCompare4   pwm.o
    0x08000ba0   0x08000ba0   0x00000002   Code   RO         4030    i.PendSV_Handler    stm32f10x_it.o
    0x08000ba2   0x08000ba2   0x00000002   PAD
    0x08000ba4   0x08000ba4   0x00000020   Code   RO         1775    i.RCC_APB1PeriphClockCmd  stm32f10x_rcc.o
    0x08000bc4   0x08000bc4   0x00000020   Code   RO         1777    i.RCC_APB2PeriphClockCmd  stm32f10x_rcc.o
    0x08000be4   0x08000be4   0x000000d4   Code   RO         1785    i.RCC_GetClocksFreq  stm32f10x_rcc.o
    0x08000cb8   0x08000cb8   0x00000002   Code   RO         4031    i.SVC_Handler       stm32f10x_it.o
    0x08000cba   0x08000cba   0x00000002   PAD
    0x08000cbc   0x08000cbc   0x00000020   Code   RO         3668    i.Servo_GetAngle1   servo.o
    0x08000cdc   0x08000cdc   0x00000020   Code   RO         3669    i.Servo_GetAngle2   servo.o
    0x08000cfc   0x08000cfc   0x00000020   Code   RO         3670    i.Servo_GetAngle3   servo.o
    0x08000d1c   0x08000d1c   0x00000020   Code   RO         3671    i.Servo_GetAngle4   servo.o
    0x08000d3c   0x08000d3c   0x00000008   Code   RO         3672    i.Servo_Init        servo.o
    0x08000d44   0x08000d44   0x0000003c   Code   RO         3673    i.Servo_SetAngle1   servo.o
    0x08000d80   0x08000d80   0x0000003c   Code   RO         3674    i.Servo_SetAngle2   servo.o
    0x08000dbc   0x08000dbc   0x0000003c   Code   RO         3675    i.Servo_SetAngle3   servo.o
    0x08000df8   0x08000df8   0x0000003c   Code   RO         3676    i.Servo_SetAngle4   servo.o
    0x08000e34   0x08000e34   0x00000008   Code   RO           24    i.SetSysClock       system_stm32f10x.o
    0x08000e3c   0x08000e3c   0x000000e0   Code   RO           25    i.SetSysClockTo72   system_stm32f10x.o
    0x08000f1c   0x08000f1c   0x00000002   Code   RO         4032    i.SysTick_Handler   stm32f10x_it.o
    0x08000f1e   0x08000f1e   0x00000002   PAD
    0x08000f20   0x08000f20   0x00000060   Code   RO           27    i.SystemInit        system_stm32f10x.o
    0x08000f80   0x08000f80   0x00000018   Code   RO         2421    i.TIM_Cmd           stm32f10x_tim.o
    0x08000f98   0x08000f98   0x00000006   Code   RO         2436    i.TIM_GetCapture1   stm32f10x_tim.o
    0x08000f9e   0x08000f9e   0x00000006   Code   RO         2437    i.TIM_GetCapture2   stm32f10x_tim.o
    0x08000fa4   0x08000fa4   0x00000006   Code   RO         2438    i.TIM_GetCapture3   stm32f10x_tim.o
    0x08000faa   0x08000faa   0x00000008   Code   RO         2439    i.TIM_GetCapture4   stm32f10x_tim.o
    0x08000fb2   0x08000fb2   0x0000000c   Code   RO         2448    i.TIM_InternalClockConfig  stm32f10x_tim.o
    0x08000fbe   0x08000fbe   0x00000002   PAD
    0x08000fc0   0x08000fc0   0x00000098   Code   RO         2450    i.TIM_OC1Init       stm32f10x_tim.o
    0x08001058   0x08001058   0x000000a4   Code   RO         2455    i.TIM_OC2Init       stm32f10x_tim.o
    0x080010fc   0x080010fc   0x000000a0   Code   RO         2460    i.TIM_OC3Init       stm32f10x_tim.o
    0x0800119c   0x0800119c   0x0000007c   Code   RO         2465    i.TIM_OC4Init       stm32f10x_tim.o
    0x08001218   0x08001218   0x00000014   Code   RO         2468    i.TIM_OCStructInit  stm32f10x_tim.o
    0x0800122c   0x0800122c   0x00000004   Code   RO         2482    i.TIM_SetCompare1   stm32f10x_tim.o
    0x08001230   0x08001230   0x00000004   Code   RO         2483    i.TIM_SetCompare2   stm32f10x_tim.o
    0x08001234   0x08001234   0x00000004   Code   RO         2484    i.TIM_SetCompare3   stm32f10x_tim.o
    0x08001238   0x08001238   0x00000006   Code   RO         2485    i.TIM_SetCompare4   stm32f10x_tim.o
    0x0800123e   0x0800123e   0x00000002   PAD
    0x08001240   0x08001240   0x000000a4   Code   RO         2492    i.TIM_TimeBaseInit  stm32f10x_tim.o
    0x080012e4   0x080012e4   0x00000018   Code   RO         3220    i.USART1_GetRxData  usart1.o
    0x080012fc   0x080012fc   0x0000001c   Code   RO         3221    i.USART1_GetRxFlag  usart1.o
    0x08001318   0x08001318   0x00000038   Code   RO         3222    i.USART1_IRQHandler  usart1.o
    0x08001350   0x08001350   0x000000b4   Code   RO         3223    i.USART1_Init       usart1.o
    0x08001404   0x08001404   0x00000038   Code   RO         3268    i.USART2_IRQHandler  usart2.o
    0x0800143c   0x0800143c   0x000000b0   Code   RO         3269    i.USART2_Init       usart2.o
    0x080014ec   0x080014ec   0x00000038   Code   RO         3307    i.USART3_IRQHandler  usart3.o
    0x08001524   0x08001524   0x0000001e   Code   RO         2957    i.USART_ClearITPendingBit  stm32f10x_usart.o
    0x08001542   0x08001542   0x00000018   Code   RO         2960    i.USART_Cmd         stm32f10x_usart.o
    0x0800155a   0x0800155a   0x00000054   Code   RO         2964    i.USART_GetITStatus  stm32f10x_usart.o
    0x080015ae   0x080015ae   0x0000004a   Code   RO         2966    i.USART_ITConfig    stm32f10x_usart.o
    0x080015f8   0x080015f8   0x000000d8   Code   RO         2967    i.USART_Init        stm32f10x_usart.o
    0x080016d0   0x080016d0   0x0000000a   Code   RO         2974    i.USART_ReceiveData  stm32f10x_usart.o
    0x080016da   0x080016da   0x00000004   Code   RO         4033    i.UsageFault_Handler  stm32f10x_it.o
    0x080016de   0x080016de   0x0000000e   Code   RO         4248    i.__scatterload_copy  mc_w.l(handlers.o)
    0x080016ec   0x080016ec   0x00000002   Code   RO         4249    i.__scatterload_null  mc_w.l(handlers.o)
    0x080016ee   0x080016ee   0x0000000e   Code   RO         4250    i.__scatterload_zeroinit  mc_w.l(handlers.o)
    0x080016fc   0x080016fc   0x0000010c   Code   RO         3731    i.lan_yao           movement.o
    0x08001808   0x08001808   0x00000154   Code   RO         3863    i.main              main.o
    0x0800195c   0x0800195c   0x00000050   Code   RO         3913    i.mode_behind       mode.o
    0x080019ac   0x080019ac   0x00000030   Code   RO         3914    i.mode_dance        mode.o
    0x080019dc   0x080019dc   0x00000050   Code   RO         3915    i.mode_forward      mode.o
    0x08001a2c   0x08001a2c   0x00000054   Code   RO         3916    i.mode_headup       mode.o
    0x08001a80   0x08001a80   0x0000013c   Code   RO         3917    i.mode_hello        mode.o
    0x08001bbc   0x08001bbc   0x00000064   Code   RO         3918    i.mode_lanyao       mode.o
    0x08001c20   0x08001c20   0x00000050   Code   RO         3919    i.mode_left         mode.o
    0x08001c70   0x08001c70   0x00000050   Code   RO         3921    i.mode_right        mode.o
    0x08001cc0   0x08001cc0   0x00000050   Code   RO         3922    i.mode_sleeppa      mode.o
    0x08001d10   0x08001d10   0x00000084   Code   RO         3923    i.mode_sleepwo      mode.o
    0x08001d94   0x08001d94   0x0000003c   Code   RO         3924    i.mode_slowstand    mode.o
    0x08001dd0   0x08001dd0   0x0000003c   Code   RO         3925    i.mode_stand        mode.o
    0x08001e0c   0x08001e0c   0x00000068   Code   RO         3926    i.mode_strech       mode.o
    0x08001e74   0x08001e74   0x00000030   Code   RO         3927    i.mode_swing_qianhou  mode.o
    0x08001ea4   0x08001ea4   0x00000030   Code   RO         3928    i.mode_swing_zuoyou  mode.o
    0x08001ed4   0x08001ed4   0x000000b4   Code   RO         3733    i.move_behind       movement.o
    0x08001f88   0x08001f88   0x0000012c   Code   RO         3734    i.move_dance        movement.o
    0x080020b4   0x080020b4   0x000000b4   Code   RO         3735    i.move_forward      movement.o
    0x08002168   0x08002168   0x00000090   Code   RO         3736    i.move_head_up      movement.o
    0x080021f8   0x080021f8   0x00000064   Code   RO         3738    i.move_left         movement.o
    0x0800225c   0x0800225c   0x00000064   Code   RO         3740    i.move_right        movement.o
    0x080022c0   0x080022c0   0x00000088   Code   RO         3742    i.move_shake_qianhou  movement.o
    0x08002348   0x08002348   0x000000b4   Code   RO         3743    i.move_shake_zuoyou  movement.o
    0x080023fc   0x080023fc   0x00000090   Code   RO         3744    i.move_sleep_p      movement.o
    0x0800248c   0x0800248c   0x00000068   Code   RO         3745    i.move_sleep_w      movement.o
    0x080024f4   0x080024f4   0x00000170   Code   RO         3746    i.move_slow_stand   movement.o
    0x08002664   0x08002664   0x00000028   Code   RO         3747    i.move_stand        movement.o
    0x0800268c   0x0800268c   0x00000124   Code   RO         3748    i.move_stretch      movement.o
    0x080027b0   0x080027b0   0x00003ee4   Data   RO         3620    .constdata          oled_data.o
    0x08006694   0x08006694   0x00000020   Data   RO         4246    Region$$Table       anon$$obj.o


    Execution Region RW_IRAM1 (Exec base: 0x20000000, Load base: 0x080066b4, Size: 0x00000840, Max: 0x00005000, ABSOLUTE)

    Exec Addr    Load Addr    Size         Type   Attr      Idx    E Section Name        Object

    0x20000000   0x080066b4   0x00000014   Data   RW         1805    .data               stm32f10x_rcc.o
    0x20000014   0x080066c8   0x00000002   Data   RW         3224    .data               usart1.o
    0x20000016   0x080066ca   0x00000002   Data   RW         3271    .data               usart2.o
    0x20000018   0x080066cc   0x00000002   Data   RW         3309    .data               usart3.o
    0x2000001a   0x080066ce   0x00000002   PAD
    0x2000001c   0x080066d0   0x00000010   Data   RW         3750    .data               movement.o
    0x2000002c   0x080066e0   0x0000000e   Data   RW         3864    .data               main.o
    0x2000003a   0x080066ee   0x00000002   PAD
    0x2000003c   0x080066f0   0x00000004   Data   RW         4102    .data               mc_w.l(rand.o)
    0x20000040        -       0x00000400   Zero   RW         3405    .bss                oled.o
    0x20000440        -       0x00000400   Zero   RW            1    STACK               startup_stm32f10x_md.o


==============================================================================

Image component sizes


      Code (inc. data)   RO Data    RW Data    ZI Data      Debug   Object Name

         0          0          0          0          0       4492   core_cm3.o
        94          0          0          0          0       1468   delay.o
       116         16          0          0          0       1388   led.o
       340         14          0         14          0       1181   main.o
       132         22          0          0          0     204859   misc.o
      1400        256          0          0          0       7187   mode.o
      2536        176          0         16          0       8237   movement.o
      1074         34          0          0       1024       8721   oled.o
         0          0      16100          0          0       1643   oled_data.o
       280         38          0          0          0       2707   pwm.o
       376         64          0          0          0       4501   servo.o
        36          8        236          0       1024        820   startup_stm32f10x_md.o
         0          0          0          0          0       1680   stm32f10x_adc.o
       314          0          0          0          0      12493   stm32f10x_gpio.o
        26          0          0          0          0       3946   stm32f10x_it.o
       276         32          0         20          0      13114   stm32f10x_rcc.o
       864         92          0          0          0      30026   stm32f10x_tim.o
       438          6          0          0          0      11560   stm32f10x_usart.o
       328         28          0          0          0      45397   system_stm32f10x.o
       288         32          0          2          0       2442   usart1.o
       232         22          0          2          0       1428   usart2.o
        56         12          0          2          0        770   usart3.o

    ----------------------------------------------------------------------
      9222        852      16368         60       2048     370060   Object Totals
         0          0         32          0          0          0   (incl. Generated)
        16          0          0          4          0          0   (incl. Padding)

    ----------------------------------------------------------------------

      Code (inc. data)   RO Data    RW Data    ZI Data      Debug   Library Member Name

         0          0          0          0          0          0   entry.o
         0          0          0          0          0          0   entry10a.o
         0          0          0          0          0          0   entry11a.o
         8          4          0          0          0          0   entry2.o
         4          0          0          0          0          0   entry5.o
         0          0          0          0          0          0   entry7b.o
         0          0          0          0          0          0   entry8b.o
         8          4          0          0          0          0   entry9a.o
        30          0          0          0          0          0   handlers.o
        36          8          0          0          0         68   init.o
         0          0          0          0          0          0   iusefp.o
        36         10          0          4          0        136   rand.o
       176          0          0          0          0        140   fadd.o
       124          0          0          0          0         88   fdiv.o
       110          0          0          0          0        168   fepilogue.o
        40          0          0          0          0         68   ffixui.o
        18          0          0          0          0         68   fflti.o
        10          0          0          0          0         68   ffltui.o
       100          0          0          0          0         76   fmul.o

    ----------------------------------------------------------------------
       702         26          0          4          0        880   Library Totals
         2          0          0          0          0          0   (incl. Padding)

    ----------------------------------------------------------------------

      Code (inc. data)   RO Data    RW Data    ZI Data      Debug   Library Name

       122         26          0          4          0        204   mc_w.l
       578          0          0          0          0        676   mf_w.l

    ----------------------------------------------------------------------
       702         26          0          4          0        880   Library Totals

    ----------------------------------------------------------------------

==============================================================================


      Code (inc. data)   RO Data    RW Data    ZI Data      Debug   

      9924        878      16368         64       2048     364956   Grand Totals
      9924        878      16368         64       2048     364956   ELF Image Totals
      9924        878      16368         64          0          0   ROM Totals

==============================================================================

    Total RO  Size (Code + RO Data)                26292 (  25.68kB)
    Total RW  Size (RW Data + ZI Data)              2112 (   2.06kB)
    Total ROM Size (Code + RO Data + RW Data)      26356 (  25.74kB)

==============================================================================

